../Core/Src/main.c:195:6:Read_BT	4	static
../Core/Src/main.c:336:6:Read_Buttons	16	static
../Core/Src/main.c:376:6:Display_OLED	16	static
../Core/Src/main.c:393:6:Display_Menu	24	static
../Core/Src/main.c:416:6:Display_Select	16	static
../Core/Src/main.c:483:6:drawCourt	16	static
../Core/Src/main.c:489:6:Game_Pong	40	static
../Core/Src/main.c:624:6:Wait_Update	8	static
../Core/Src/main.c:636:6:Reset_Game_Pong	8	static
../Core/Src/main.c:657:6:Mid_line	16	static
../Core/Src/main.c:683:6:Game_Flappy_Bird	16	static
../Core/Src/main.c:700:5:main	16	static
../Core/Src/main.c:767:6:SystemClock_Config	88	static
../Core/Src/main.c:811:13:MX_ADC1_Init	24	static
../Core/Src/main.c:876:13:MX_I2C1_Init	8	static
../Core/Src/main.c:910:13:MX_USART3_UART_Init	8	static
../Core/Src/main.c:941:13:MX_DMA_Init	16	static
../Core/Src/main.c:959:13:MX_GPIO_Init	32	static
../Core/Src/main.c:1007:6:Error_Handler	4	static,ignoring_inline_asm
