<html>
<body>
<pre>
<h1>µVision Build Log</h1>
<h2>Tool Versions:</h2>
IDE-Version: µVision V5.33.0.0
Copyright (C) 2020 ARM Ltd and ARM Germany GmbH. All rights reserved.
License Information: phan My_Friend, Haui, LIC=----
 
Tool Versions:
Toolchain:       MDK-Lite  Version: 5.33.0.0
Toolchain Path:  C:\Keil_v5\ARM\ARMCC\Bin
C Compiler:      Armcc.exe V5.06 update 7 (build 960)
Assembler:       Armasm.exe V5.06 update 7 (build 960)
Linker/Locator:  ArmLink.exe V5.06 update 7 (build 960)
Library Manager: ArmAr.exe V5.06 update 7 (build 960)
Hex Converter:   FromElf.exe V5.06 update 7 (build 960)
CPU DLL:         SARMCM3.DLL V5.33.0.0
Dialog DLL:      DCM.DLL V1.17.3.0
Target DLL:      STLink\ST-LINKIII-KEIL_SWO.dll V3.0.8.0
Dialog DLL:      TCM.DLL V1.48.0.0
 
<h2>Project:</h2>
C:\Users\My_Friend\Desktop\bu\nhan\MDK-ARM\RX-7.uvprojx
Project File Date:  11/03/2023

<h2>Output:</h2>
*** Using Compiler 'V5.06 update 7 (build 960)', folder: 'C:\Keil_v5\ARM\ARMCC\Bin'
Build target 'RX-7'
compiling main.c...
../Core/Src/main.c(139): warning:  #188-D: enumerated type mixed with another type
  			HAL_GPIO_WritePin(GPIOC,GPIO_PIN_0,0);
../Core/Src/main.c(140): warning:  #188-D: enumerated type mixed with another type
  			HAL_GPIO_WritePin(GPIOC,GPIO_PIN_1,1);
../Core/Src/main.c(141): warning:  #188-D: enumerated type mixed with another type
  			HAL_GPIO_WritePin(GPIOC,GPIO_PIN_2,1);
../Core/Src/main.c(142): warning:  #188-D: enumerated type mixed with another type
  			HAL_GPIO_WritePin(GPIOC,GPIO_PIN_4,0);
../Core/Src/main.c(143): warning:  #188-D: enumerated type mixed with another type
  			HAL_GPIO_WritePin(GPIOC,GPIO_PIN_5,1);
../Core/Src/main.c(152): warning:  #188-D: enumerated type mixed with another type
  			HAL_GPIO_WritePin(GPIOC,GPIO_PIN_0,0);
../Core/Src/main.c(153): warning:  #188-D: enumerated type mixed with another type
  			HAL_GPIO_WritePin(GPIOC,GPIO_PIN_1,0);
../Core/Src/main.c(154): warning:  #188-D: enumerated type mixed with another type
  			HAL_GPIO_WritePin(GPIOC,GPIO_PIN_2,1);
../Core/Src/main.c(155): warning:  #188-D: enumerated type mixed with another type
  			HAL_GPIO_WritePin(GPIOC,GPIO_PIN_4,0);
../Core/Src/main.c(156): warning:  #188-D: enumerated type mixed with another type
  			HAL_GPIO_WritePin(GPIOC,GPIO_PIN_5,0);
../Core/Src/main.c(161): warning:  #188-D: enumerated type mixed with another type
        HAL_GPIO_WritePin(GPIOC,GPIO_PIN_0,1);
../Core/Src/main.c(162): warning:  #188-D: enumerated type mixed with another type
  			HAL_GPIO_WritePin(GPIOC,GPIO_PIN_1,0);
../Core/Src/main.c(163): warning:  #188-D: enumerated type mixed with another type
  			HAL_GPIO_WritePin(GPIOC,GPIO_PIN_2,1);
../Core/Src/main.c(164): warning:  #188-D: enumerated type mixed with another type
  			HAL_GPIO_WritePin(GPIOC,GPIO_PIN_4,1);
../Core/Src/main.c(165): warning:  #188-D: enumerated type mixed with another type
  			HAL_GPIO_WritePin(GPIOC,GPIO_PIN_5,0);			
../Core/Src/main.c(170): warning:  #188-D: enumerated type mixed with another type
  			HAL_GPIO_WritePin(GPIOC,GPIO_PIN_0,1); // dc1
../Core/Src/main.c(171): warning:  #188-D: enumerated type mixed with another type
  			HAL_GPIO_WritePin(GPIOC,GPIO_PIN_1,0);//
../Core/Src/main.c(172): warning:  #188-D: enumerated type mixed with another type
  			HAL_GPIO_WritePin(GPIOC,GPIO_PIN_2,1);
../Core/Src/main.c(173): warning:  #188-D: enumerated type mixed with another type
  			HAL_GPIO_WritePin(GPIOC,GPIO_PIN_4,1); //dc2
../Core/Src/main.c(174): warning:  #188-D: enumerated type mixed with another type
  			HAL_GPIO_WritePin(GPIOC,GPIO_PIN_5,0);//
../Core/Src/main.c(179): warning:  #188-D: enumerated type mixed with another type
  			HAL_GPIO_WritePin(GPIOC,GPIO_PIN_0,1); // dc1
../Core/Src/main.c(180): warning:  #188-D: enumerated type mixed with another type
  			HAL_GPIO_WritePin(GPIOC,GPIO_PIN_1,0);//
../Core/Src/main.c(181): warning:  #188-D: enumerated type mixed with another type
  			HAL_GPIO_WritePin(GPIOC,GPIO_PIN_2,1);
../Core/Src/main.c(182): warning:  #188-D: enumerated type mixed with another type
  			HAL_GPIO_WritePin(GPIOC,GPIO_PIN_4,1); //dc2
../Core/Src/main.c(183): warning:  #188-D: enumerated type mixed with another type
  			HAL_GPIO_WritePin(GPIOC,GPIO_PIN_5,0);//
../Core/Src/main.c(189): warning:  #188-D: enumerated type mixed with another type
  			HAL_GPIO_WritePin(GPIOC,GPIO_PIN_0,0); // dc1
../Core/Src/main.c(190): warning:  #188-D: enumerated type mixed with another type
  			HAL_GPIO_WritePin(GPIOC,GPIO_PIN_1,1);//
../Core/Src/main.c(191): warning:  #188-D: enumerated type mixed with another type
  			HAL_GPIO_WritePin(GPIOC,GPIO_PIN_2,1);
../Core/Src/main.c(192): warning:  #188-D: enumerated type mixed with another type
  			HAL_GPIO_WritePin(GPIOC,GPIO_PIN_4,1); //dc2
../Core/Src/main.c(193): warning:  #188-D: enumerated type mixed with another type
  			HAL_GPIO_WritePin(GPIOC,GPIO_PIN_5,0);//
../Core/Src/main.c(198): warning:  #188-D: enumerated type mixed with another type
  			HAL_GPIO_WritePin(GPIOC,GPIO_PIN_0,1); // dc1
../Core/Src/main.c(199): warning:  #188-D: enumerated type mixed with another type
  			HAL_GPIO_WritePin(GPIOC,GPIO_PIN_1,0);//
../Core/Src/main.c(200): warning:  #188-D: enumerated type mixed with another type
  			HAL_GPIO_WritePin(GPIOC,GPIO_PIN_2,1);
../Core/Src/main.c(201): warning:  #188-D: enumerated type mixed with another type
  			HAL_GPIO_WritePin(GPIOC,GPIO_PIN_4,0); //dc2
../Core/Src/main.c(202): warning:  #188-D: enumerated type mixed with another type
  			HAL_GPIO_WritePin(GPIOC,GPIO_PIN_5,1);//
../Core/Src/main.c(219): warning:  #188-D: enumerated type mixed with another type
  			HAL_GPIO_WritePin(GPIOC,GPIO_PIN_0,0);
../Core/Src/main.c(220): warning:  #188-D: enumerated type mixed with another type
  			HAL_GPIO_WritePin(GPIOC,GPIO_PIN_1,1);
../Core/Src/main.c(221): warning:  #188-D: enumerated type mixed with another type
  			HAL_GPIO_WritePin(GPIOC,GPIO_PIN_2,1);
../Core/Src/main.c(222): warning:  #188-D: enumerated type mixed with another type
  			HAL_GPIO_WritePin(GPIOC,GPIO_PIN_4,0);
../Core/Src/main.c(223): warning:  #188-D: enumerated type mixed with another type
  			HAL_GPIO_WritePin(GPIOC,GPIO_PIN_5,1);
../Core/Src/main.c(232): warning:  #188-D: enumerated type mixed with another type
  			HAL_GPIO_WritePin(GPIOC,GPIO_PIN_0,0);
../Core/Src/main.c(233): warning:  #188-D: enumerated type mixed with another type
  			HAL_GPIO_WritePin(GPIOC,GPIO_PIN_1,0);
../Core/Src/main.c(234): warning:  #188-D: enumerated type mixed with another type
  			HAL_GPIO_WritePin(GPIOC,GPIO_PIN_2,1);
../Core/Src/main.c(235): warning:  #188-D: enumerated type mixed with another type
  			HAL_GPIO_WritePin(GPIOC,GPIO_PIN_4,0);
../Core/Src/main.c(236): warning:  #188-D: enumerated type mixed with another type
  			HAL_GPIO_WritePin(GPIOC,GPIO_PIN_5,0);
../Core/Src/main.c(241): warning:  #188-D: enumerated type mixed with another type
  			HAL_GPIO_WritePin(GPIOC,GPIO_PIN_0,1);
../Core/Src/main.c(242): warning:  #188-D: enumerated type mixed with another type
  			HAL_GPIO_WritePin(GPIOC,GPIO_PIN_1,0);
../Core/Src/main.c(243): warning:  #188-D: enumerated type mixed with another type
  			HAL_GPIO_WritePin(GPIOC,GPIO_PIN_2,1);
../Core/Src/main.c(244): warning:  #188-D: enumerated type mixed with another type
  			HAL_GPIO_WritePin(GPIOC,GPIO_PIN_4,1);
../Core/Src/main.c(245): warning:  #188-D: enumerated type mixed with another type
  			HAL_GPIO_WritePin(GPIOC,GPIO_PIN_5,0);
../Core/Src/main.c(250): warning:  #188-D: enumerated type mixed with another type
  			HAL_GPIO_WritePin(GPIOC,GPIO_PIN_0,0); // dc1
../Core/Src/main.c(251): warning:  #188-D: enumerated type mixed with another type
  			HAL_GPIO_WritePin(GPIOC,GPIO_PIN_1,1);//
../Core/Src/main.c(252): warning:  #188-D: enumerated type mixed with another type
  			HAL_GPIO_WritePin(GPIOC,GPIO_PIN_2,1);
../Core/Src/main.c(253): warning:  #188-D: enumerated type mixed with another type
  			HAL_GPIO_WritePin(GPIOC,GPIO_PIN_4,1); //dc2
../Core/Src/main.c(254): warning:  #188-D: enumerated type mixed with another type
  			HAL_GPIO_WritePin(GPIOC,GPIO_PIN_5,0);//
../Core/Src/main.c(259): warning:  #188-D: enumerated type mixed with another type
  			HAL_GPIO_WritePin(GPIOC,GPIO_PIN_0,1); // dc1
../Core/Src/main.c(260): warning:  #188-D: enumerated type mixed with another type
  			HAL_GPIO_WritePin(GPIOC,GPIO_PIN_1,0);//
../Core/Src/main.c(261): warning:  #188-D: enumerated type mixed with another type
  			HAL_GPIO_WritePin(GPIOC,GPIO_PIN_2,1);
../Core/Src/main.c(262): warning:  #188-D: enumerated type mixed with another type
  			HAL_GPIO_WritePin(GPIOC,GPIO_PIN_4,0); //dc2
../Core/Src/main.c(263): warning:  #188-D: enumerated type mixed with another type
  			HAL_GPIO_WritePin(GPIOC,GPIO_PIN_5,1);//
../Core/Src/main.c(292): warning:  #188-D: enumerated type mixed with another type
  			HAL_GPIO_WritePin(GPIOB,GPIO_PIN_12,0);
../Core/Src/main.c(293): warning:  #188-D: enumerated type mixed with another type
  			HAL_GPIO_WritePin(GPIOB,GPIO_PIN_13,1);
../Core/Src/main.c(294): warning:  #188-D: enumerated type mixed with another type
  			HAL_GPIO_WritePin(GPIOC,GPIO_PIN_2,1);
../Core/Src/main.c(298): warning:  #188-D: enumerated type mixed with another type
  			HAL_GPIO_WritePin(GPIOB,GPIO_PIN_12,1);
../Core/Src/main.c(299): warning:  #188-D: enumerated type mixed with another type
  			HAL_GPIO_WritePin(GPIOB,GPIO_PIN_13,0);
../Core/Src/main.c(300): warning:  #188-D: enumerated type mixed with another type
  			HAL_GPIO_WritePin(GPIOC,GPIO_PIN_2,1);			
../Core/Src/main.c(304): warning:  #188-D: enumerated type mixed with another type
  			HAL_GPIO_WritePin(GPIOB,GPIO_PIN_12,0);
../Core/Src/main.c(305): warning:  #188-D: enumerated type mixed with another type
  			HAL_GPIO_WritePin(GPIOB,GPIO_PIN_13,1);
../Core/Src/main.c(306): warning:  #188-D: enumerated type mixed with another type
  			HAL_GPIO_WritePin(GPIOC,GPIO_PIN_2,1);			
../Core/Src/main.c(312): warning:  #188-D: enumerated type mixed with another type
  			HAL_GPIO_WritePin(GPIOB,GPIO_PIN_14,0);
../Core/Src/main.c(313): warning:  #188-D: enumerated type mixed with another type
  			HAL_GPIO_WritePin(GPIOB,GPIO_PIN_15,1);
../Core/Src/main.c(314): warning:  #188-D: enumerated type mixed with another type
  			HAL_GPIO_WritePin(GPIOC,GPIO_PIN_2,1);
../Core/Src/main.c(320): warning:  #188-D: enumerated type mixed with another type
  			HAL_GPIO_WritePin(GPIOB,GPIO_PIN_14,0);
../Core/Src/main.c(321): warning:  #188-D: enumerated type mixed with another type
  			HAL_GPIO_WritePin(GPIOB,GPIO_PIN_15,1);
../Core/Src/main.c(322): warning:  #188-D: enumerated type mixed with another type
  			HAL_GPIO_WritePin(GPIOC,GPIO_PIN_2,1);
../Core/Src/main.c(329): warning:  #188-D: enumerated type mixed with another type
  			HAL_GPIO_WritePin(GPIOB,GPIO_PIN_14,1);
../Core/Src/main.c(330): warning:  #188-D: enumerated type mixed with another type
  			HAL_GPIO_WritePin(GPIOB,GPIO_PIN_15,0);
../Core/Src/main.c(331): warning:  #188-D: enumerated type mixed with another type
  			HAL_GPIO_WritePin(GPIOC,GPIO_PIN_2,1);
../Core/Src/main.c(336): warning:  #188-D: enumerated type mixed with another type
  			HAL_GPIO_WritePin(GPIOB,GPIO_PIN_14,1);
../Core/Src/main.c(337): warning:  #188-D: enumerated type mixed with another type
  			HAL_GPIO_WritePin(GPIOB,GPIO_PIN_15,0);
../Core/Src/main.c(338): warning:  #188-D: enumerated type mixed with another type
  			HAL_GPIO_WritePin(GPIOC,GPIO_PIN_2,1);
../Core/Src/main.c(344): warning:  #188-D: enumerated type mixed with another type
  			HAL_GPIO_WritePin(GPIOB,GPIO_PIN_14,0);
../Core/Src/main.c(345): warning:  #188-D: enumerated type mixed with another type
  			HAL_GPIO_WritePin(GPIOB,GPIO_PIN_15,1);
../Core/Src/main.c(346): warning:  #188-D: enumerated type mixed with another type
  			HAL_GPIO_WritePin(GPIOC,GPIO_PIN_2,1);			
../Core/Src/main.c: 84 warnings, 0 errors
linking...
Program Size: Code=10822 RO-data=738 RW-data=52 ZI-data=1964  
FromELF: creating hex file...
"RX-7\RX-7.axf" - 0 Error(s), 84 Warning(s).

<h2>Software Packages used:</h2>

Package Vendor: ARM
                http://www.keil.com/pack/ARM.CMSIS.5.7.0.pack
                ARM.CMSIS.5.7.0
                CMSIS (Cortex Microcontroller Software Interface Standard)
   * Component: CORE Version: 5.4.0

<h2>Collection of Component include folders:</h2>
  .\RTE\_RX-7
  C:\Users\My_Friend\AppData\Local\Arm\Packs\ARM\CMSIS\5.7.0\CMSIS\Core\Include

<h2>Collection of Component Files used:</h2>

   * Component: ARM::CMSIS:CORE:5.4.0
      Include file:  CMSIS\Core\Include\tz_context.h
Build Time Elapsed:  00:00:02
</pre>
</body>
</html>
