Archive member included to satisfy reference by file (symbol)

C:/ST/STM32CubeIDE_1.13.2/STM32CubeIDE/plugins/com.st.stm32cube.ide.mcu.externaltools.gnu-tools-for-stm32.12.3.rel1.win32_1.0.200.202406191623/tools/bin/../lib/gcc/arm-none-eabi/12.3.1/../../../../arm-none-eabi/lib/thumb/v7-m/nofp\libc_nano.a(libc_a-exit.o)
                              C:/ST/STM32CubeIDE_1.13.2/STM32CubeIDE/plugins/com.st.stm32cube.ide.mcu.externaltools.gnu-tools-for-stm32.12.3.rel1.win32_1.0.200.202406191623/tools/bin/../lib/gcc/arm-none-eabi/12.3.1/../../../../arm-none-eabi/lib/thumb/v7-m/nofp/crt0.o (exit)
C:/ST/STM32CubeIDE_1.13.2/STM32CubeIDE/plugins/com.st.stm32cube.ide.mcu.externaltools.gnu-tools-for-stm32.12.3.rel1.win32_1.0.200.202406191623/tools/bin/../lib/gcc/arm-none-eabi/12.3.1/../../../../arm-none-eabi/lib/thumb/v7-m/nofp\libc_nano.a(libc_a-nano-vfprintf_float.o)
                              (_printf_float)
C:/ST/STM32CubeIDE_1.13.2/STM32CubeIDE/plugins/com.st.stm32cube.ide.mcu.externaltools.gnu-tools-for-stm32.12.3.rel1.win32_1.0.200.202406191623/tools/bin/../lib/gcc/arm-none-eabi/12.3.1/../../../../arm-none-eabi/lib/thumb/v7-m/nofp\libc_nano.a(libc_a-nano-vfprintf_i.o)
                              C:/ST/STM32CubeIDE_1.13.2/STM32CubeIDE/plugins/com.st.stm32cube.ide.mcu.externaltools.gnu-tools-for-stm32.12.3.rel1.win32_1.0.200.202406191623/tools/bin/../lib/gcc/arm-none-eabi/12.3.1/../../../../arm-none-eabi/lib/thumb/v7-m/nofp\libc_nano.a(libc_a-nano-vfprintf_float.o) (_printf_common)
C:/ST/STM32CubeIDE_1.13.2/STM32CubeIDE/plugins/com.st.stm32cube.ide.mcu.externaltools.gnu-tools-for-stm32.12.3.rel1.win32_1.0.200.202406191623/tools/bin/../lib/gcc/arm-none-eabi/12.3.1/../../../../arm-none-eabi/lib/thumb/v7-m/nofp\libc_nano.a(libc_a-findfp.o)
                              C:/ST/STM32CubeIDE_1.13.2/STM32CubeIDE/plugins/com.st.stm32cube.ide.mcu.externaltools.gnu-tools-for-stm32.12.3.rel1.win32_1.0.200.202406191623/tools/bin/../lib/gcc/arm-none-eabi/12.3.1/../../../../arm-none-eabi/lib/thumb/v7-m/nofp\libc_nano.a(libc_a-exit.o) (__stdio_exit_handler)
C:/ST/STM32CubeIDE_1.13.2/STM32CubeIDE/plugins/com.st.stm32cube.ide.mcu.externaltools.gnu-tools-for-stm32.12.3.rel1.win32_1.0.200.202406191623/tools/bin/../lib/gcc/arm-none-eabi/12.3.1/../../../../arm-none-eabi/lib/thumb/v7-m/nofp\libc_nano.a(libc_a-fwalk.o)
                              C:/ST/STM32CubeIDE_1.13.2/STM32CubeIDE/plugins/com.st.stm32cube.ide.mcu.externaltools.gnu-tools-for-stm32.12.3.rel1.win32_1.0.200.202406191623/tools/bin/../lib/gcc/arm-none-eabi/12.3.1/../../../../arm-none-eabi/lib/thumb/v7-m/nofp\libc_nano.a(libc_a-findfp.o) (_fwalk_sglue)
C:/ST/STM32CubeIDE_1.13.2/STM32CubeIDE/plugins/com.st.stm32cube.ide.mcu.externaltools.gnu-tools-for-stm32.12.3.rel1.win32_1.0.200.202406191623/tools/bin/../lib/gcc/arm-none-eabi/12.3.1/../../../../arm-none-eabi/lib/thumb/v7-m/nofp\libc_nano.a(libc_a-sprintf.o)
                              ./Core/Src/main.o (sprintf)
C:/ST/STM32CubeIDE_1.13.2/STM32CubeIDE/plugins/com.st.stm32cube.ide.mcu.externaltools.gnu-tools-for-stm32.12.3.rel1.win32_1.0.200.202406191623/tools/bin/../lib/gcc/arm-none-eabi/12.3.1/../../../../arm-none-eabi/lib/thumb/v7-m/nofp\libc_nano.a(libc_a-stdio.o)
                              C:/ST/STM32CubeIDE_1.13.2/STM32CubeIDE/plugins/com.st.stm32cube.ide.mcu.externaltools.gnu-tools-for-stm32.12.3.rel1.win32_1.0.200.202406191623/tools/bin/../lib/gcc/arm-none-eabi/12.3.1/../../../../arm-none-eabi/lib/thumb/v7-m/nofp\libc_nano.a(libc_a-findfp.o) (__sread)
C:/ST/STM32CubeIDE_1.13.2/STM32CubeIDE/plugins/com.st.stm32cube.ide.mcu.externaltools.gnu-tools-for-stm32.12.3.rel1.win32_1.0.200.202406191623/tools/bin/../lib/gcc/arm-none-eabi/12.3.1/../../../../arm-none-eabi/lib/thumb/v7-m/nofp\libc_nano.a(libc_a-memset.o)
                              C:/ST/STM32CubeIDE_1.13.2/STM32CubeIDE/plugins/com.st.stm32cube.ide.mcu.externaltools.gnu-tools-for-stm32.12.3.rel1.win32_1.0.200.202406191623/tools/bin/../lib/gcc/arm-none-eabi/12.3.1/../../../../arm-none-eabi/lib/thumb/v7-m/nofp/crt0.o (memset)
C:/ST/STM32CubeIDE_1.13.2/STM32CubeIDE/plugins/com.st.stm32cube.ide.mcu.externaltools.gnu-tools-for-stm32.12.3.rel1.win32_1.0.200.202406191623/tools/bin/../lib/gcc/arm-none-eabi/12.3.1/../../../../arm-none-eabi/lib/thumb/v7-m/nofp\libc_nano.a(libc_a-localeconv.o)
                              C:/ST/STM32CubeIDE_1.13.2/STM32CubeIDE/plugins/com.st.stm32cube.ide.mcu.externaltools.gnu-tools-for-stm32.12.3.rel1.win32_1.0.200.202406191623/tools/bin/../lib/gcc/arm-none-eabi/12.3.1/../../../../arm-none-eabi/lib/thumb/v7-m/nofp\libc_nano.a(libc_a-nano-vfprintf_float.o) (_localeconv_r)
C:/ST/STM32CubeIDE_1.13.2/STM32CubeIDE/plugins/com.st.stm32cube.ide.mcu.externaltools.gnu-tools-for-stm32.12.3.rel1.win32_1.0.200.202406191623/tools/bin/../lib/gcc/arm-none-eabi/12.3.1/../../../../arm-none-eabi/lib/thumb/v7-m/nofp\libc_nano.a(libc_a-closer.o)
[...]
Memory Configuration

Name             Origin             Length             Attributes
RAM              0x20000000         0x00005000         xrw
FLASH            0x08000000         0x00020000         xr
*default*        0x00000000         0xffffffff

Linker script and memory map

LOAD C:/ST/STM32CubeIDE_1.13.2/STM32CubeIDE/plugins/com.st.stm32cube.ide.mcu.externaltools.gnu-tools-for-stm32.12.3.rel1.win32_1.0.200.202406191623/tools/bin/../lib/gcc/arm-none-eabi/12.3.1/thumb/v7-m/nofp/crti.o
LOAD C:/ST/STM32CubeIDE_1.13.2/STM32CubeIDE/plugins/com.st.stm32cube.ide.mcu.externaltools.gnu-tools-for-stm32.12.3.rel1.win32_1.0.200.202406191623/tools/bin/../lib/gcc/arm-none-eabi/12.3.1/thumb/v7-m/nofp/crtbegin.o
LOAD C:/ST/STM32CubeIDE_1.13.2/STM32CubeIDE/plugins/com.st.stm32cube.ide.mcu.externaltools.gnu-tools-for-stm32.12.3.rel1.win32_1.0.200.202406191623/tools/bin/../lib/gcc/arm-none-eabi/12.3.1/../../../../arm-none-eabi/lib/thumb/v7-m/nofp/crt0.o
LOAD ./Core/Src/Arial Narrow16.o
LOAD ./Core/Src/HP Simplified15.o
LOAD ./Core/Src/led.o
LOAD ./Core/Src/main.o
LOAD ./Core/Src/stm32f1xx_hal_msp.o
LOAD ./Core/Src/stm32f1xx_it.o
LOAD ./Core/Src/syscalls.o
LOAD ./Core/Src/sysmem.o
LOAD ./Core/Src/system_stm32f1xx.o
LOAD ./Core/Startup/startup_stm32f103cbtx.o
LOAD ./Drivers/STM32F1xx_HAL_Driver/Src/stm32f1xx_hal.o
LOAD ./Drivers/STM32F1xx_HAL_Driver/Src/stm32f1xx_hal_cortex.o
LOAD ./Drivers/STM32F1xx_HAL_Driver/Src/stm32f1xx_hal_dma.o
LOAD ./Drivers/STM32F1xx_HAL_Driver/Src/stm32f1xx_hal_exti.o
LOAD ./Drivers/STM32F1xx_HAL_Driver/Src/stm32f1xx_hal_flash.o
LOAD ./Drivers/STM32F1xx_HAL_Driver/Src/stm32f1xx_hal_flash_ex.o
LOAD ./Drivers/STM32F1xx_HAL_Driver/Src/stm32f1xx_hal_gpio.o
LOAD ./Drivers/STM32F1xx_HAL_Driver/Src/stm32f1xx_hal_gpio_ex.o
LOAD ./Drivers/STM32F1xx_HAL_Driver/Src/stm32f1xx_hal_pwr.o
LOAD ./Drivers/STM32F1xx_HAL_Driver/Src/stm32f1xx_hal_rcc.o
LOAD ./Drivers/STM32F1xx_HAL_Driver/Src/stm32f1xx_hal_rcc_ex.o
LOAD ./Drivers/STM32F1xx_HAL_Driver/Src/stm32f1xx_hal_tim.o
LOAD ./Drivers/STM32F1xx_HAL_Driver/Src/stm32f1xx_hal_tim_ex.o
LOAD ./Drivers/STM32F1xx_HAL_Driver/Src/stm32f1xx_hal_uart.o
START GROUP
LOAD C:/ST/STM32CubeIDE_1.13.2/STM32CubeIDE/plugins/com.st.stm32cube.ide.mcu.externaltools.gnu-tools-for-stm32.12.3.rel1.win32_1.0.200.202406191623/tools/bin/../lib/gcc/arm-none-eabi/12.3.1/../../../../arm-none-eabi/lib/thumb/v7-m/nofp\libc_nano.a
LOAD C:/ST/STM32CubeIDE_1.13.2/STM32CubeIDE/plugins/com.st.stm32cube.ide.mcu.externaltools.gnu-tools-for-stm32.12.3.rel1.win32_1.0.200.202406191623/tools/bin/../lib/gcc/arm-none-eabi/12.3.1/../../../../arm-none-eabi/lib/thumb/v7-m/nofp\libm.a
END GROUP
START GROUP
LOAD C:/ST/STM32CubeIDE_1.13.2/STM32CubeIDE/plugins/com.st.stm32cube.ide.mcu.externaltools.gnu-tools-for-stm32.12.3.rel1.win32_1.0.200.202406191623/tools/bin/../lib/gcc/arm-none-eabi/12.3.1/thumb/v7-m/nofp\libgcc.a
LOAD C:/ST/STM32CubeIDE_1.13.2/STM32CubeIDE/plugins/com.st.stm32cube.ide.mcu.externaltools.gnu-tools-for-stm32.12.3.rel1.win32_1.0.200.202406191623/tools/bin/../lib/gcc/arm-none-eabi/12.3.1/../../../../arm-none-eabi/lib/thumb/v7-m/nofp\libc_nano.a
END GROUP
START GROUP
LOAD C:/ST/STM32CubeIDE_1.13.2/STM32CubeIDE/plugins/com.st.stm32cube.ide.mcu.externaltools.gnu-tools-for-stm32.12.3.rel1.win32_1.0.200.202406191623/tools/bin/../lib/gcc/arm-none-eabi/12.3.1/thumb/v7-m/nofp\libgcc.a
LOAD C:/ST/STM32CubeIDE_1.13.2/STM32CubeIDE/plugins/com.st.stm32cube.ide.mcu.externaltools.gnu-tools-for-stm32.12.3.rel1.win32_1.0.200.202406191623/tools/bin/../lib/gcc/arm-none-eabi/12.3.1/../../../../arm-none-eabi/lib/thumb/v7-m/nofp\libc_nano.a
LOAD C:/ST/STM32CubeIDE_1.13.2/STM32CubeIDE/plugins/com.st.stm32cube.ide.mcu.externaltools.gnu-tools-for-stm32.12.3.rel1.win32_1.0.200.202406191623/tools/bin/../lib/gcc/arm-none-eabi/12.3.1/../../../../arm-none-eabi/lib/thumb/v7-m/nofp\libnosys.a
END GROUP
START GROUP
LOAD C:/ST/STM32CubeIDE_1.13.2/STM32CubeIDE/plugins/com.st.stm32cube.ide.mcu.externaltools.gnu-tools-for-stm32.12.3.rel1.win32_1.0.200.202406191623/tools/bin/../lib/gcc/arm-none-eabi/12.3.1/thumb/v7-m/nofp\libgcc.a
LOAD C:/ST/STM32CubeIDE_1.13.2/STM32CubeIDE/plugins/com.st.stm32cube.ide.mcu.externaltools.gnu-tools-for-stm32.12.3.rel1.win32_1.0.200.202406191623/tools/bin/../lib/gcc/arm-none-eabi/12.3.1/../../../../arm-none-eabi/lib/thumb/v7-m/nofp\libc_nano.a
LOAD C:/ST/STM32CubeIDE_1.13.2/STM32CubeIDE/plugins/com.st.stm32cube.ide.mcu.externaltools.gnu-tools-for-stm32.12.3.rel1.win32_1.0.200.202406191623/tools/bin/../lib/gcc/arm-none-eabi/12.3.1/../../../../arm-none-eabi/lib/thumb/v7-m/nofp\libnosys.a
END GROUP
LOAD C:/ST/STM32CubeIDE_1.13.2/STM32CubeIDE/plugins/com.st.stm32cube.ide.mcu.externaltools.gnu-tools-for-stm32.12.3.rel1.win32_1.0.200.202406191623/tools/bin/../lib/gcc/arm-none-eabi/12.3.1/thumb/v7-m/nofp/crtend.o
LOAD C:/ST/STM32CubeIDE_1.13.2/STM32CubeIDE/plugins/com.st.stm32cube.ide.mcu.externaltools.gnu-tools-for-stm32.12.3.rel1.win32_1.0.200.202406191623/tools/bin/../lib/gcc/arm-none-eabi/12.3.1/thumb/v7-m/nofp/crtn.o
                0x20005000                        _estack = (ORIGIN (RAM) + LENGTH (RAM))
                0x00000200                        _Min_Heap_Size = 0x200
                0x00000400                        _Min_Stack_Size = 0x400

.isr_vector     0x08000000      0x10c
                0x08000000                        . = ALIGN (0x4)
 *(.isr_vector)
 .isr_vector    0x08000000      0x10c ./Core/Startup/startup_stm32f103cbtx.o
                0x08000000                g_pfnVectors
                0x0800010c                        . = ALIGN (0x4)

.text           0x08000110     0x6f9c
                0x08000110                        . = ALIGN (0x4)
 *(.text)
 .text          0x08000110       0x40 C:/ST/STM32CubeIDE_1.13.2/STM32CubeIDE/plugins/com.st.stm32cube.ide.mcu.externaltools.gnu-tools-for-stm32.12.3.rel1.win32_1.0.200.202406191623/tools/bin/../lib/gcc/arm-none-eabi/12.3.1/thumb/v7-m/nofp/crtbegin.o
 .text          0x08000150       0x10 C:/ST/STM32CubeIDE_1.13.2/STM32CubeIDE/plugins/com.st.stm32cube.ide.mcu.externaltools.gnu-tools-for-stm32.12.3.rel1.win32_1.0.200.202406191623/tools/bin/../lib/gcc/arm-none-eabi/12.3.1/../../../../arm-none-eabi/lib/thumb/v7-m/nofp\libc_nano.a(libc_a-strlen.o)
                0x08000150                strlen
 .text          0x08000160      0x378 C:/ST/STM32CubeIDE_1.13.2/STM32CubeIDE/plugins/com.st.stm32cube.ide.mcu.externaltools.gnu-tools-for-stm32.12.3.rel1.win32_1.0.200.202406191623/tools/bin/../lib/gcc/arm-none-eabi/12.3.1/thumb/v7-m/nofp\libgcc.a(_arm_addsubdf3.o)
                0x08000160                __aeabi_drsub
                0x08000168                __aeabi_dsub
                0x08000168                __subdf3
                0x0800016c                __aeabi_dadd
                0x0800016c                __adddf3
                0x080003e4                __floatunsidf
                0x080003e4                __aeabi_ui2d
                0x08000404                __floatsidf
                0x08000404                __aeabi_i2d
                0x08000428                __aeabi_f2d
                0x08000428                __extendsfdf2
                0x0800046c                __floatundidf
                0x0800046c                __aeabi_ul2d
                0x0800047c                __floatdidf
                0x0800047c                __aeabi_l2d
 .text          0x080004d8      0x424 C:/ST/STM32CubeIDE_1.13.2/STM32CubeIDE/plugins/com.st.stm32cube.ide.mcu.externaltools.gnu-tools-for-stm32.12.3.rel1.win32_1.0.200.202406191623/tools/bin/../lib/gcc/arm-none-eabi/12.3.1/thumb/v7-m/nofp\libgcc.a(_arm_muldivdf3.o)
                0x080004d8                __aeabi_dmul
                0x080004d8                __muldf3
                0x0800072c                __divdf3
                0x0800072c                __aeabi_ddiv
 .text          0x080008fc      0x110 C:/ST/STM32CubeIDE_1.13.2/STM32CubeIDE/plugins/com.st.stm32cube.ide.mcu.externaltools.gnu-tools-for-stm32.12.3.rel1.win32_1.0.200.202406191623/tools/bin/../lib/gcc/arm-none-eabi/12.3.1/thumb/v7-m/nofp\libgcc.a(_arm_cmpdf2.o)
                0x080008fc                __gtdf2
                0x080008fc                __gedf2
                0x08000904                __ltdf2
                0x08000904                __ledf2
                0x0800090c                __nedf2
                0x0800090c                __eqdf2
                0x0800090c                __cmpdf2
                0x08000988                __aeabi_cdrcmple
                0x08000998                __aeabi_cdcmpeq
                0x08000998                __aeabi_cdcmple
                0x080009a8                __aeabi_dcmpeq
                0x080009bc                __aeabi_dcmplt
                0x080009d0                __aeabi_dcmple
                0x080009e4                __aeabi_dcmpge
                0x080009f8                __aeabi_dcmpgt
 .text          0x08000a0c       0x2c C:/ST/STM32CubeIDE_1.13.2/STM32CubeIDE/plugins/com.st.stm32cube.ide.mcu.externaltools.gnu-tools-for-stm32.12.3.rel1.win32_1.0.200.202406191623/tools/bin/../lib/gcc/arm-none-eabi/12.3.1/thumb/v7-m/nofp\libgcc.a(_arm_unorddf2.o)
                0x08000a0c                __unorddf2
                0x08000a0c                __aeabi_dcmpun
 .text          0x08000a38       0x50 C:/ST/STM32CubeIDE_1.13.2/STM32CubeIDE/plugins/com.st.stm32cube.ide.mcu.externaltools.gnu-tools-for-stm32.12.3.rel1.win32_1.0.200.202406191623/tools/bin/../lib/gcc/arm-none-eabi/12.3.1/thumb/v7-m/nofp\libgcc.a(_arm_fixdfsi.o)
                0x08000a38                __aeabi_d2iz
                0x08000a38                __fixdfsi
 *(.text*)
 .text.HAL_TIM_PeriodElapsedCallback
                0x08000a88       0x24 ./Core/Src/led.o
                0x08000a88                HAL_TIM_PeriodElapsedCallback
 .text.MT_Send1
                0x08000aac      0x1f8 ./Core/Src/led.o
                0x08000aac                MT_Send1
 .text.write_char1
                0x08000ca4      0x1a0 ./Core/Src/led.o
                0x08000ca4                write_char1
 .text.clear_lcd
                0x08000e44       0x84 ./Core/Src/led.o
                0x08000e44                clear_lcd
 .text.write_string
                0x08000ec8       0x54 ./Core/Src/led.o
                0x08000ec8                write_string
 .text.led_init
                0x08000f1c       0x38 ./Core/Src/led.o
                0x08000f1c                led_init
 .text.quetledMT
                0x08000f54      0x38c ./Core/Src/led.o
                0x08000f54                quetledMT
 .text.setpixel
                0x080012e0      0x400 ./Core/Src/led.o
                0x080012e0                setpixel
 .text.HienThiPin
                0x080016e0      0x14c ./Core/Src/main.o
                0x080016e0                HienThiPin
 .text.DK_Pin   0x0800182c       0xa4 ./Core/Src/main.o
                0x0800182c                DK_Pin
 .text.main     0x080018d0      0x1d4 ./Core/Src/main.o
                0x080018d0                main
 .text.SystemClock_Config
                0x08001aa4       0x8a ./Core/Src/main.o
                0x08001aa4                SystemClock_Config
 *fill*         0x08001b2e        0x2 
 .text.MX_TIM1_Init
                0x08001b30       0xa0 ./Core/Src/main.o
 .text.MX_USART2_UART_Init
                0x08001bd0       0x54 ./Core/Src/main.o
 .text.MX_GPIO_Init
                0x08001c24      0x12c ./Core/Src/main.o
 .text.Error_Handler
                0x08001d50        0xc ./Core/Src/main.o
                0x08001d50                Error_Handler
 .text.HAL_MspInit
                0x08001d5c       0x64 ./Core/Src/stm32f1xx_hal_msp.o
                0x08001d5c                HAL_MspInit
 .text.HAL_TIM_Base_MspInit
                0x08001dc0       0x7c ./Core/Src/stm32f1xx_hal_msp.o
                0x08001dc0                HAL_TIM_Base_MspInit
 .text.HAL_UART_MspInit
                0x08001e3c       0xa4 ./Core/Src/stm32f1xx_hal_msp.o
                0x08001e3c                HAL_UART_MspInit
 .text.NMI_Handler
                0x08001ee0        0x8 ./Core/Src/stm32f1xx_it.o
                0x08001ee0                NMI_Handler
 .text.HardFault_Handler
                0x08001ee8        0x8 ./Core/Src/stm32f1xx_it.o
                0x08001ee8                HardFault_Handler
 .text.MemManage_Handler
                0x08001ef0        0x8 ./Core/Src/stm32f1xx_it.o
                0x08001ef0                MemManage_Handler
 .text.BusFault_Handler
                0x08001ef8        0x8 ./Core/Src/stm32f1xx_it.o
                0x08001ef8                BusFault_Handler
 .text.UsageFault_Handler
                0x08001f00        0x8 ./Core/Src/stm32f1xx_it.o
                0x08001f00                UsageFault_Handler
 .text.SVC_Handler
                0x08001f08        0xc ./Core/Src/stm32f1xx_it.o
                0x08001f08                SVC_Handler
 .text.DebugMon_Handler
                0x08001f14        0xc ./Core/Src/stm32f1xx_it.o
                0x08001f14                DebugMon_Handler
 .text.PendSV_Handler
                0x08001f20        0xc ./Core/Src/stm32f1xx_it.o
                0x08001f20                PendSV_Handler
 .text.SysTick_Handler
                0x08001f2c        0xc ./Core/Src/stm32f1xx_it.o
                0x08001f2c                SysTick_Handler
 .text.TIM1_BRK_IRQHandler
                0x08001f38       0x14 ./Core/Src/stm32f1xx_it.o
                0x08001f38                TIM1_BRK_IRQHandler
 .text.TIM1_UP_IRQHandler
                0x08001f4c       0x14 ./Core/Src/stm32f1xx_it.o
                0x08001f4c                TIM1_UP_IRQHandler
 .text.TIM1_TRG_COM_IRQHandler
                0x08001f60       0x14 ./Core/Src/stm32f1xx_it.o
                0x08001f60                TIM1_TRG_COM_IRQHandler
 .text.TIM1_CC_IRQHandler
                0x08001f74       0x14 ./Core/Src/stm32f1xx_it.o
                0x08001f74                TIM1_CC_IRQHandler
 .text.USART2_IRQHandler
                0x08001f88       0x14 ./Core/Src/stm32f1xx_it.o
                0x08001f88                USART2_IRQHandler
 .text._getpid  0x08001f9c        0xe ./Core/Src/syscalls.o
                0x08001f9c                _getpid
 .text._kill    0x08001faa       0x20 ./Core/Src/syscalls.o
                0x08001faa                _kill
 .text._exit    0x08001fca       0x16 ./Core/Src/syscalls.o
                0x08001fca                _exit
 .text._read    0x08001fe0       0x3a ./Core/Src/syscalls.o
                0x08001fe0                _read
 .text._write   0x0800201a       0x38 ./Core/Src/syscalls.o
                0x0800201a                _write
 .text._close   0x08002052       0x16 ./Core/Src/syscalls.o
                0x08002052                _close
 .text._fstat   0x08002068       0x1e ./Core/Src/syscalls.o
                0x08002068                _fstat
 .text._isatty  0x08002086       0x14 ./Core/Src/syscalls.o
                0x08002086                _isatty
 .text._lseek   0x0800209a       0x18 ./Core/Src/syscalls.o
                0x0800209a                _lseek
 *fill*         0x080020b2        0x2 
 .text._sbrk    0x080020b4       0x6c ./Core/Src/sysmem.o
                0x080020b4                _sbrk
 .text.SystemInit
                0x08002120        0xc ./Core/Src/system_stm32f1xx.o
                0x08002120                SystemInit
 .text.Reset_Handler
                0x0800212c       0x48 ./Core/Startup/startup_stm32f103cbtx.o
                0x0800212c                Reset_Handler
 .text.Default_Handler
                0x08002174        0x2 ./Core/Startup/startup_stm32f103cbtx.o
                0x08002174                RTC_Alarm_IRQHandler
                0x08002174                EXTI2_IRQHandler
                0x08002174                PVD_IRQHandler
                0x08002174                EXTI3_IRQHandler
                0x08002174                EXTI0_IRQHandler
                0x08002174                I2C2_EV_IRQHandler
                0x08002174                ADC1_2_IRQHandler
                0x08002174                SPI1_IRQHandler
                0x08002174                TAMPER_IRQHandler
                0x08002174                DMA1_Channel4_IRQHandler
                0x08002174                USART3_IRQHandler
                0x08002174                RTC_IRQHandler
                0x08002174                DMA1_Channel7_IRQHandler
                0x08002174                CAN1_RX1_IRQHandler
                0x08002174                TIM4_IRQHandler
                0x08002174                I2C1_EV_IRQHandler
                0x08002174                DMA1_Channel6_IRQHandler
                0x08002174                TIM3_IRQHandler
                0x08002174                RCC_IRQHandler
                0x08002174                DMA1_Channel1_IRQHandler
                0x08002174                Default_Handler
                0x08002174                EXTI15_10_IRQHandler
                0x08002174                EXTI9_5_IRQHandler
                0x08002174                SPI2_IRQHandler
                0x08002174                DMA1_Channel5_IRQHandler
                0x08002174                EXTI4_IRQHandler
                0x08002174                USB_LP_CAN1_RX0_IRQHandler
                0x08002174                USB_HP_CAN1_TX_IRQHandler
                0x08002174                DMA1_Channel3_IRQHandler
                0x08002174                WWDG_IRQHandler
                0x08002174                TIM2_IRQHandler
                0x08002174                EXTI1_IRQHandler
                0x08002174                I2C2_ER_IRQHandler
                0x08002174                DMA1_Channel2_IRQHandler
                0x08002174                CAN1_SCE_IRQHandler
                0x08002174                FLASH_IRQHandler
                0x08002174                USART1_IRQHandler
                0x08002174                I2C1_ER_IRQHandler
                0x08002174                USBWakeUp_IRQHandler
 *fill*         0x08002176        0x2 
 .text.HAL_Init
                0x08002178       0x2c ./Drivers/STM32F1xx_HAL_Driver/Src/stm32f1xx_hal.o
                0x08002178                HAL_Init
 .text.HAL_InitTick
                0x080021a4       0x60 ./Drivers/STM32F1xx_HAL_Driver/Src/stm32f1xx_hal.o
                0x080021a4                HAL_InitTick
 .text.HAL_IncTick
                0x08002204       0x24 ./Drivers/STM32F1xx_HAL_Driver/Src/stm32f1xx_hal.o
                0x08002204                HAL_IncTick
 .text.HAL_GetTick
                0x08002228       0x14 ./Drivers/STM32F1xx_HAL_Driver/Src/stm32f1xx_hal.o
                0x08002228                HAL_GetTick
 .text.HAL_Delay
                0x0800223c       0x48 ./Drivers/STM32F1xx_HAL_Driver/Src/stm32f1xx_hal.o
                0x0800223c                HAL_Delay
 .text.__NVIC_SetPriorityGrouping
                0x08002284       0x48 ./Drivers/STM32F1xx_HAL_Driver/Src/stm32f1xx_hal_cortex.o
 .text.__NVIC_GetPriorityGrouping
                0x080022cc       0x1c ./Drivers/STM32F1xx_HAL_Driver/Src/stm32f1xx_hal_cortex.o
 .text.__NVIC_EnableIRQ
                0x080022e8       0x38 ./Drivers/STM32F1xx_HAL_Driver/Src/stm32f1xx_hal_cortex.o
 .text.__NVIC_SetPriority
                0x08002320       0x54 ./Drivers/STM32F1xx_HAL_Driver/Src/stm32f1xx_hal_cortex.o
 .text.NVIC_EncodePriority
                0x08002374       0x64 ./Drivers/STM32F1xx_HAL_Driver/Src/stm32f1xx_hal_cortex.o
 .text.SysTick_Config
                0x080023d8       0x44 ./Drivers/STM32F1xx_HAL_Driver/Src/stm32f1xx_hal_cortex.o
 .text.HAL_NVIC_SetPriorityGrouping
                0x0800241c       0x16 ./Drivers/STM32F1xx_HAL_Driver/Src/stm32f1xx_hal_cortex.o
                0x0800241c                HAL_NVIC_SetPriorityGrouping
 .text.HAL_NVIC_SetPriority
                0x08002432       0x38 ./Drivers/STM32F1xx_HAL_Driver/Src/stm32f1xx_hal_cortex.o
                0x08002432                HAL_NVIC_SetPriority
 .text.HAL_NVIC_EnableIRQ
                0x0800246a       0x1c ./Drivers/STM32F1xx_HAL_Driver/Src/stm32f1xx_hal_cortex.o
                0x0800246a                HAL_NVIC_EnableIRQ
 .text.HAL_SYSTICK_Config
                0x08002486       0x18 ./Drivers/STM32F1xx_HAL_Driver/Src/stm32f1xx_hal_cortex.o
                0x08002486                HAL_SYSTICK_Config
 .text.HAL_DMA_Abort
                0x0800249e       0x76 ./Drivers/STM32F1xx_HAL_Driver/Src/stm32f1xx_hal_dma.o
                0x0800249e                HAL_DMA_Abort
 .text.HAL_DMA_Abort_IT
                0x08002514       0xf0 ./Drivers/STM32F1xx_HAL_Driver/Src/stm32f1xx_hal_dma.o
                0x08002514                HAL_DMA_Abort_IT
 .text.HAL_GPIO_Init
                0x08002604      0x308 ./Drivers/STM32F1xx_HAL_Driver/Src/stm32f1xx_hal_gpio.o
                0x08002604                HAL_GPIO_Init
 .text.HAL_GPIO_ReadPin
                0x0800290c       0x2e ./Drivers/STM32F1xx_HAL_Driver/Src/stm32f1xx_hal_gpio.o
                0x0800290c                HAL_GPIO_ReadPin
 .text.HAL_GPIO_WritePin
                0x0800293a       0x30 ./Drivers/STM32F1xx_HAL_Driver/Src/stm32f1xx_hal_gpio.o
                0x0800293a                HAL_GPIO_WritePin
 *fill*         0x0800296a        0x2 
 .text.HAL_RCC_OscConfig
                0x0800296c      0x504 ./Drivers/STM32F1xx_HAL_Driver/Src/stm32f1xx_hal_rcc.o
                0x0800296c                HAL_RCC_OscConfig
 .text.HAL_RCC_ClockConfig
                0x08002e70      0x1d4 ./Drivers/STM32F1xx_HAL_Driver/Src/stm32f1xx_hal_rcc.o
                0x08002e70                HAL_RCC_ClockConfig
 .text.HAL_RCC_GetSysClockFreq
                0x08003044       0xa8 ./Drivers/STM32F1xx_HAL_Driver/Src/stm32f1xx_hal_rcc.o
                0x08003044                HAL_RCC_GetSysClockFreq
 .text.HAL_RCC_GetHCLKFreq
                0x080030ec       0x14 ./Drivers/STM32F1xx_HAL_Driver/Src/stm32f1xx_hal_rcc.o
                0x080030ec                HAL_RCC_GetHCLKFreq
 .text.HAL_RCC_GetPCLK1Freq
                0x08003100       0x28 ./Drivers/STM32F1xx_HAL_Driver/Src/stm32f1xx_hal_rcc.o
                0x08003100                HAL_RCC_GetPCLK1Freq
 .text.HAL_RCC_GetPCLK2Freq
                0x08003128       0x28 ./Drivers/STM32F1xx_HAL_Driver/Src/stm32f1xx_hal_rcc.o
                0x08003128                HAL_RCC_GetPCLK2Freq
 .text.RCC_Delay
                0x08003150       0x3c ./Drivers/STM32F1xx_HAL_Driver/Src/stm32f1xx_hal_rcc.o
 .text.HAL_TIM_Base_Init
                0x0800318c       0x9e ./Drivers/STM32F1xx_HAL_Driver/Src/stm32f1xx_hal_tim.o
                0x0800318c                HAL_TIM_Base_Init
 *fill*         0x0800322a        0x2 
 .text.HAL_TIM_Base_Start_IT
                0x0800322c       0xa4 ./Drivers/STM32F1xx_HAL_Driver/Src/stm32f1xx_hal_tim.o
                0x0800322c                HAL_TIM_Base_Start_IT
 .text.HAL_TIM_IRQHandler
                0x080032d0      0x210 ./Drivers/STM32F1xx_HAL_Driver/Src/stm32f1xx_hal_tim.o
                0x080032d0                HAL_TIM_IRQHandler
 .text.HAL_TIM_ConfigClockSource
                0x080034e0      0x18e ./Drivers/STM32F1xx_HAL_Driver/Src/stm32f1xx_hal_tim.o
                0x080034e0                HAL_TIM_ConfigClockSource
 .text.HAL_TIM_OC_DelayElapsedCallback
                0x0800366e       0x12 ./Drivers/STM32F1xx_HAL_Driver/Src/stm32f1xx_hal_tim.o
                0x0800366e                HAL_TIM_OC_DelayElapsedCallback
 .text.HAL_TIM_IC_CaptureCallback
                0x08003680       0x12 ./Drivers/STM32F1xx_HAL_Driver/Src/stm32f1xx_hal_tim.o
                0x08003680                HAL_TIM_IC_CaptureCallback
 .text.HAL_TIM_PWM_PulseFinishedCallback
                0x08003692       0x12 ./Drivers/STM32F1xx_HAL_Driver/Src/stm32f1xx_hal_tim.o
                0x08003692                HAL_TIM_PWM_PulseFinishedCallback
 .text.HAL_TIM_TriggerCallback
                0x080036a4       0x12 ./Drivers/STM32F1xx_HAL_Driver/Src/stm32f1xx_hal_tim.o
                0x080036a4                HAL_TIM_TriggerCallback
 *fill*         0x080036b6        0x2 
 .text.TIM_Base_SetConfig
                0x080036b8       0xc4 ./Drivers/STM32F1xx_HAL_Driver/Src/stm32f1xx_hal_tim.o
                0x080036b8                TIM_Base_SetConfig
 .text.TIM_TI1_ConfigInputStage
                0x0800377c       0x5c ./Drivers/STM32F1xx_HAL_Driver/Src/stm32f1xx_hal_tim.o
 .text.TIM_TI2_ConfigInputStage
                0x080037d8       0x5e ./Drivers/STM32F1xx_HAL_Driver/Src/stm32f1xx_hal_tim.o
 .text.TIM_ITRx_SetConfig
                0x08003836       0x34 ./Drivers/STM32F1xx_HAL_Driver/Src/stm32f1xx_hal_tim.o
 .text.TIM_ETR_SetConfig
                0x0800386a       0x3e ./Drivers/STM32F1xx_HAL_Driver/Src/stm32f1xx_hal_tim.o
                0x0800386a                TIM_ETR_SetConfig
 .text.HAL_TIMEx_MasterConfigSynchronization
                0x080038a8       0xbc ./Drivers/STM32F1xx_HAL_Driver/Src/stm32f1xx_hal_tim_ex.o
                0x080038a8                HAL_TIMEx_MasterConfigSynchronization
 .text.HAL_TIMEx_CommutCallback
                0x08003964       0x12 ./Drivers/STM32F1xx_HAL_Driver/Src/stm32f1xx_hal_tim_ex.o
                0x08003964                HAL_TIMEx_CommutCallback
 .text.HAL_TIMEx_BreakCallback
                0x08003976       0x12 ./Drivers/STM32F1xx_HAL_Driver/Src/stm32f1xx_hal_tim_ex.o
                0x08003976                HAL_TIMEx_BreakCallback
 .text.HAL_UART_Init
                0x08003988       0xa0 ./Drivers/STM32F1xx_HAL_Driver/Src/stm32f1xx_hal_uart.o
                0x08003988                HAL_UART_Init
 .text.HAL_UART_IRQHandler
                0x08003a28      0x524 ./Drivers/STM32F1xx_HAL_Driver/Src/stm32f1xx_hal_uart.o
                0x08003a28                HAL_UART_IRQHandler
 .text.HAL_UART_TxCpltCallback
                0x08003f4c       0x12 ./Drivers/STM32F1xx_HAL_Driver/Src/stm32f1xx_hal_uart.o
                0x08003f4c                HAL_UART_TxCpltCallback
 .text.HAL_UART_RxCpltCallback
                0x08003f5e       0x12 ./Drivers/STM32F1xx_HAL_Driver/Src/stm32f1xx_hal_uart.o
                0x08003f5e                HAL_UART_RxCpltCallback
 .text.HAL_UART_ErrorCallback
                0x08003f70       0x12 ./Drivers/STM32F1xx_HAL_Driver/Src/stm32f1xx_hal_uart.o
                0x08003f70                HAL_UART_ErrorCallback
 .text.HAL_UARTEx_RxEventCallback
                0x08003f82       0x16 ./Drivers/STM32F1xx_HAL_Driver/Src/stm32f1xx_hal_uart.o
                0x08003f82                HAL_UARTEx_RxEventCallback
 .text.UART_EndRxTransfer
                0x08003f98       0xc4 ./Drivers/STM32F1xx_HAL_Driver/Src/stm32f1xx_hal_uart.o
 .text.UART_DMAAbortOnError
                0x0800405c       0x28 ./Drivers/STM32F1xx_HAL_Driver/Src/stm32f1xx_hal_uart.o
 .text.UART_Transmit_IT
                0x08004084       0x9e ./Drivers/STM32F1xx_HAL_Driver/Src/stm32f1xx_hal_uart.o
 .text.UART_EndTransmit_IT
                0x08004122       0x30 ./Drivers/STM32F1xx_HAL_Driver/Src/stm32f1xx_hal_uart.o
 .text.UART_Receive_IT
                0x08004152      0x17c ./Drivers/STM32F1xx_HAL_Driver/Src/stm32f1xx_hal_uart.o
 *fill*         0x080042ce        0x2 
 .text.UART_SetConfig
                0x080042d0      0x11c ./Drivers/STM32F1xx_HAL_Driver/Src/stm32f1xx_hal_uart.o
 .text.__cvt    0x080043ec       0xc8 C:/ST/STM32CubeIDE_1.13.2/STM32CubeIDE/plugins/com.st.stm32cube.ide.mcu.externaltools.gnu-tools-for-stm32.12.3.rel1.win32_1.0.200.202406191623/tools/bin/../lib/gcc/arm-none-eabi/12.3.1/../../../../arm-none-eabi/lib/thumb/v7-m/nofp\libc_nano.a(libc_a-nano-vfprintf_float.o)
                0x080043ec                __cvt
 .text.__exponent
                0x080044b4       0x74 C:/ST/STM32CubeIDE_1.13.2/STM32CubeIDE/plugins/com.st.stm32cube.ide.mcu.externaltools.gnu-tools-for-stm32.12.3.rel1.win32_1.0.200.202406191623/tools/bin/../lib/gcc/arm-none-eabi/12.3.1/../../../../arm-none-eabi/lib/thumb/v7-m/nofp\libc_nano.a(libc_a-nano-vfprintf_float.o)
                0x080044b4                __exponent
 .text._printf_float
                0x08004528      0x458 C:/ST/STM32CubeIDE_1.13.2/STM32CubeIDE/plugins/com.st.stm32cube.ide.mcu.externaltools.gnu-tools-for-stm32.12.3.rel1.win32_1.0.200.202406191623/tools/bin/../lib/gcc/arm-none-eabi/12.3.1/../../../../arm-none-eabi/lib/thumb/v7-m/nofp\libc_nano.a(libc_a-nano-vfprintf_float.o)
                0x08004528                _printf_float
 .text._printf_common
                0x08004980       0xe4 C:/ST/STM32CubeIDE_1.13.2/STM32CubeIDE/plugins/com.st.stm32cube.ide.mcu.externaltools.gnu-tools-for-stm32.12.3.rel1.win32_1.0.200.202406191623/tools/bin/../lib/gcc/arm-none-eabi/12.3.1/../../../../arm-none-eabi/lib/thumb/v7-m/nofp\libc_nano.a(libc_a-nano-vfprintf_i.o)
                0x08004980                _printf_common
 .text._printf_i
                0x08004a64      0x240 C:/ST/STM32CubeIDE_1.13.2/STM32CubeIDE/plugins/com.st.stm32cube.ide.mcu.externaltools.gnu-tools-for-stm32.12.3.rel1.win32_1.0.200.202406191623/tools/bin/../lib/gcc/arm-none-eabi/12.3.1/../../../../arm-none-eabi/lib/thumb/v7-m/nofp\libc_nano.a(libc_a-nano-vfprintf_i.o)
                0x08004a64                _printf_i
 .text.std      0x08004ca4       0x6c C:/ST/STM32CubeIDE_1.13.2/STM32CubeIDE/plugins/com.st.stm32cube.ide.mcu.externaltools.gnu-tools-for-stm32.12.3.rel1.win32_1.0.200.202406191623/tools/bin/../lib/gcc/arm-none-eabi/12.3.1/../../../../arm-none-eabi/lib/thumb/v7-m/nofp\libc_nano.a(libc_a-findfp.o)
 .text.stdio_exit_handler
                0x08004d10       0x18 C:/ST/STM32CubeIDE_1.13.2/STM32CubeIDE/plugins/com.st.stm32cube.ide.mcu.externaltools.gnu-tools-for-stm32.12.3.rel1.win32_1.0.200.202406191623/tools/bin/../lib/gcc/arm-none-eabi/12.3.1/../../../../arm-none-eabi/lib/thumb/v7-m/nofp\libc_nano.a(libc_a-findfp.o)
 .text.cleanup_stdio
                0x08004d28       0x40 C:/ST/STM32CubeIDE_1.13.2/STM32CubeIDE/plugins/com.st.stm32cube.ide.mcu.externaltools.gnu-tools-for-stm32.12.3.rel1.win32_1.0.200.202406191623/tools/bin/../lib/gcc/arm-none-eabi/12.3.1/../../../../arm-none-eabi/lib/thumb/v7-m/nofp\libc_nano.a(libc_a-findfp.o)
 .text.global_stdio_init.part.0
                0x08004d68       0x3c C:/ST/STM32CubeIDE_1.13.2/STM32CubeIDE/plugins/com.st.stm32cube.ide.mcu.externaltools.gnu-tools-for-stm32.12.3.rel1.win32_1.0.200.202406191623/tools/bin/../lib/gcc/arm-none-eabi/12.3.1/../../../../arm-none-eabi/lib/thumb/v7-m/nofp\libc_nano.a(libc_a-findfp.o)
 .text.__sfp_lock_acquire
                0x08004da4        0xc C:/ST/STM32CubeIDE_1.13.2/STM32CubeIDE/plugins/com.st.stm32cube.ide.mcu.externaltools.gnu-tools-for-stm32.12.3.rel1.win32_1.0.200.202406191623/tools/bin/../lib/gcc/arm-none-eabi/12.3.1/../../../../arm-none-eabi/lib/thumb/v7-m/nofp\libc_nano.a(libc_a-findfp.o)
                0x08004da4                __sfp_lock_acquire
 .text.__sfp_lock_release
                0x08004db0        0xc C:/ST/STM32CubeIDE_1.13.2/STM32CubeIDE/plugins/com.st.stm32cube.ide.mcu.externaltools.gnu-tools-for-stm32.12.3.rel1.win32_1.0.200.202406191623/tools/bin/../lib/gcc/arm-none-eabi/12.3.1/../../../../arm-none-eabi/lib/thumb/v7-m/nofp\libc_nano.a(libc_a-findfp.o)
                0x08004db0                __sfp_lock_release
 .text.__sinit  0x08004dbc       0x30 C:/ST/STM32CubeIDE_1.13.2/STM32CubeIDE/plugins/com.st.stm32cube.ide.mcu.externaltools.gnu-tools-for-stm32.12.3.rel1.win32_1.0.200.202406191623/tools/bin/../lib/gcc/arm-none-eabi/12.3.1/../../../../arm-none-eabi/lib/thumb/v7-m/nofp\libc_nano.a(libc_a-findfp.o)
                0x08004dbc                __sinit
 .text._fwalk_sglue
                0x08004dec       0x3c C:/ST/STM32CubeIDE_1.13.2/STM32CubeIDE/plugins/com.st.stm32cube.ide.mcu.externaltools.gnu-tools-for-stm32.12.3.rel1.win32_1.0.200.202406191623/tools/bin/../lib/gcc/arm-none-eabi/12.3.1/../../../../arm-none-eabi/lib/thumb/v7-m/nofp\libc_nano.a(libc_a-fwalk.o)
                0x08004dec                _fwalk_sglue
 .text.sprintf  0x08004e28       0x40 C:/ST/STM32CubeIDE_1.13.2/STM32CubeIDE/plugins/com.st.stm32cube.ide.mcu.externaltools.gnu-tools-for-stm32.12.3.rel1.win32_1.0.200.202406191623/tools/bin/../lib/gcc/arm-none-eabi/12.3.1/../../../../arm-none-eabi/lib/thumb/v7-m/nofp\libc_nano.a(libc_a-sprintf.o)
                0x08004e28                siprintf
                0x08004e28                sprintf
 .text.__sread  0x08004e68       0x22 C:/ST/STM32CubeIDE_1.13.2/STM32CubeIDE/plugins/com.st.stm32cube.ide.mcu.externaltools.gnu-tools-for-stm32.12.3.rel1.win32_1.0.200.202406191623/tools/bin/../lib/gcc/arm-none-eabi/12.3.1/../../../../arm-none-eabi/lib/thumb/v7-m/nofp\libc_nano.a(libc_a-stdio.o)
                0x08004e68                __sread
 .text.__swrite
                0x08004e8a       0x38 C:/ST/STM32CubeIDE_1.13.2/STM32CubeIDE/plugins/com.st.stm32cube.ide.mcu.externaltools.gnu-tools-for-stm32.12.3.rel1.win32_1.0.200.202406191623/tools/bin/../lib/gcc/arm-none-eabi/12.3.1/../../../../arm-none-eabi/lib/thumb/v7-m/nofp\libc_nano.a(libc_a-stdio.o)
                0x08004e8a                __swrite
 .text.__sseek  0x08004ec2       0x24 C:/ST/STM32CubeIDE_1.13.2/STM32CubeIDE/plugins/com.st.stm32cube.ide.mcu.externaltools.gnu-tools-for-stm32.12.3.rel1.win32_1.0.200.202406191623/tools/bin/../lib/gcc/arm-none-eabi/12.3.1/../../../../arm-none-eabi/lib/thumb/v7-m/nofp\libc_nano.a(libc_a-stdio.o)
                0x08004ec2                __sseek
 .text.__sclose
                0x08004ee6        0x8 C:/ST/STM32CubeIDE_1.13.2/STM32CubeIDE/plugins/com.st.stm32cube.ide.mcu.externaltools.gnu-tools-for-stm32.12.3.rel1.win32_1.0.200.202406191623/tools/bin/../lib/gcc/arm-none-eabi/12.3.1/../../../../arm-none-eabi/lib/thumb/v7-m/nofp\libc_nano.a(libc_a-stdio.o)
                0x08004ee6                __sclose
 .text.memset   0x08004eee       0x10 C:/ST/STM32CubeIDE_1.13.2/STM32CubeIDE/plugins/com.st.stm32cube.ide.mcu.externaltools.gnu-tools-for-stm32.12.3.rel1.win32_1.0.200.202406191623/tools/bin/../lib/gcc/arm-none-eabi/12.3.1/../../../../arm-none-eabi/lib/thumb/v7-m/nofp\libc_nano.a(libc_a-memset.o)
                0x08004eee                memset
 *fill*         0x08004efe        0x2 
 .text._localeconv_r
                0x08004f00        0x8 C:/ST/STM32CubeIDE_1.13.2/STM32CubeIDE/plugins/com.st.stm32cube.ide.mcu.externaltools.gnu-tools-for-stm32.12.3.rel1.win32_1.0.200.202406191623/tools/bin/../lib/gcc/arm-none-eabi/12.3.1/../../../../arm-none-eabi/lib/thumb/v7-m/nofp\libc_nano.a(libc_a-localeconv.o)
                0x08004f00                _localeconv_r
 .text._close_r
                0x08004f08       0x20 C:/ST/STM32CubeIDE_1.13.2/STM32CubeIDE/plugins/com.st.stm32cube.ide.mcu.externaltools.gnu-tools-for-stm32.12.3.rel1.win32_1.0.200.202406191623/tools/bin/../lib/gcc/arm-none-eabi/12.3.1/../../../../arm-none-eabi/lib/thumb/v7-m/nofp\libc_nano.a(libc_a-closer.o)
                0x08004f08                _close_r
 .text._lseek_r
                0x08004f28       0x24 C:/ST/STM32CubeIDE_1.13.2/STM32CubeIDE/plugins/com.st.stm32cube.ide.mcu.externaltools.gnu-tools-for-stm32.12.3.rel1.win32_1.0.200.202406191623/tools/bin/../lib/gcc/arm-none-eabi/12.3.1/../../../../arm-none-eabi/lib/thumb/v7-m/nofp\libc_nano.a(libc_a-lseekr.o)
                0x08004f28                _lseek_r
 .text._read_r  0x08004f4c       0x24 C:/ST/STM32CubeIDE_1.13.2/STM32CubeIDE/plugins/com.st.stm32cube.ide.mcu.externaltools.gnu-tools-for-stm32.12.3.rel1.win32_1.0.200.202406191623/tools/bin/../lib/gcc/arm-none-eabi/12.3.1/../../../../arm-none-eabi/lib/thumb/v7-m/nofp\libc_nano.a(libc_a-readr.o)
                0x08004f4c                _read_r
 .text._write_r
                0x08004f70       0x24 C:/ST/STM32CubeIDE_1.13.2/STM32CubeIDE/plugins/com.st.stm32cube.ide.mcu.externaltools.gnu-tools-for-stm32.12.3.rel1.win32_1.0.200.202406191623/tools/bin/../lib/gcc/arm-none-eabi/12.3.1/../../../../arm-none-eabi/lib/thumb/v7-m/nofp\libc_nano.a(libc_a-writer.o)
                0x08004f70                _write_r
 .text.__errno  0x08004f94        0xc C:/ST/STM32CubeIDE_1.13.2/STM32CubeIDE/plugins/com.st.stm32cube.ide.mcu.externaltools.gnu-tools-for-stm32.12.3.rel1.win32_1.0.200.202406191623/tools/bin/../lib/gcc/arm-none-eabi/12.3.1/../../../../arm-none-eabi/lib/thumb/v7-m/nofp\libc_nano.a(libc_a-errno.o)
                0x08004f94                __errno
 .text.__libc_init_array
                0x08004fa0       0x48 C:/ST/STM32CubeIDE_1.13.2/STM32CubeIDE/plugins/com.st.stm32cube.ide.mcu.externaltools.gnu-tools-for-stm32.12.3.rel1.win32_1.0.200.202406191623/tools/bin/../lib/gcc/arm-none-eabi/12.3.1/../../../../arm-none-eabi/lib/thumb/v7-m/nofp\libc_nano.a(libc_a-init.o)
                0x08004fa0                __libc_init_array
 .text.__retarget_lock_init_recursive
                0x08004fe8        0x2 C:/ST/STM32CubeIDE_1.13.2/STM32CubeIDE/plugins/com.st.stm32cube.ide.mcu.externaltools.gnu-tools-for-stm32.12.3.rel1.win32_1.0.200.202406191623/tools/bin/../lib/gcc/arm-none-eabi/12.3.1/../../../../arm-none-eabi/lib/thumb/v7-m/nofp\libc_nano.a(libc_a-lock.o)
                0x08004fe8                __retarget_lock_init_recursive
 .text.__retarget_lock_acquire_recursive
                0x08004fea        0x2 C:/ST/STM32CubeIDE_1.13.2/STM32CubeIDE/plugins/com.st.stm32cube.ide.mcu.externaltools.gnu-tools-for-stm32.12.3.rel1.win32_1.0.200.202406191623/tools/bin/../lib/gcc/arm-none-eabi/12.3.1/../../../../arm-none-eabi/lib/thumb/v7-m/nofp\libc_nano.a(libc_a-lock.o)
                0x08004fea                __retarget_lock_acquire_recursive
 .text.__retarget_lock_release_recursive
                0x08004fec        0x2 C:/ST/STM32CubeIDE_1.13.2/STM32CubeIDE/plugins/com.st.stm32cube.ide.mcu.externaltools.gnu-tools-for-stm32.12.3.rel1.win32_1.0.200.202406191623/tools/bin/../lib/gcc/arm-none-eabi/12.3.1/../../../../arm-none-eabi/lib/thumb/v7-m/nofp\libc_nano.a(libc_a-lock.o)
                0x08004fec                __retarget_lock_release_recursive
 .text.memchr   0x08004fee       0x1c C:/ST/STM32CubeIDE_1.13.2/STM32CubeIDE/plugins/com.st.stm32cube.ide.mcu.externaltools.gnu-tools-for-stm32.12.3.rel1.win32_1.0.200.202406191623/tools/bin/../lib/gcc/arm-none-eabi/12.3.1/../../../../arm-none-eabi/lib/thumb/v7-m/nofp\libc_nano.a(libc_a-memchr-stub.o)
                0x08004fee                memchr
 .text.quorem   0x0800500a      0x110 C:/ST/STM32CubeIDE_1.13.2/STM32CubeIDE/plugins/com.st.stm32cube.ide.mcu.externaltools.gnu-tools-for-stm32.12.3.rel1.win32_1.0.200.202406191623/tools/bin/../lib/gcc/arm-none-eabi/12.3.1/../../../../arm-none-eabi/lib/thumb/v7-m/nofp\libc_nano.a(libc_a-dtoa.o)
 *fill*         0x0800511a        0x6 
 .text._dtoa_r  0x08005120      0xb90 C:/ST/STM32CubeIDE_1.13.2/STM32CubeIDE/plugins/com.st.stm32cube.ide.mcu.externaltools.gnu-tools-for-stm32.12.3.rel1.win32_1.0.200.202406191623/tools/bin/../lib/gcc/arm-none-eabi/12.3.1/../../../../arm-none-eabi/lib/thumb/v7-m/nofp\libc_nano.a(libc_a-dtoa.o)
                0x08005120                _dtoa_r
 .text._free_r  0x08005cb0       0x90 C:/ST/STM32CubeIDE_1.13.2/STM32CubeIDE/plugins/com.st.stm32cube.ide.mcu.externaltools.gnu-tools-for-stm32.12.3.rel1.win32_1.0.200.202406191623/tools/bin/../lib/gcc/arm-none-eabi/12.3.1/../../../../arm-none-eabi/lib/thumb/v7-m/nofp\libc_nano.a(libc_a-freer.o)
                0x08005cb0                _free_r
 .text.malloc   0x08005d40       0x10 C:/ST/STM32CubeIDE_1.13.2/STM32CubeIDE/plugins/com.st.stm32cube.ide.mcu.externaltools.gnu-tools-for-stm32.12.3.rel1.win32_1.0.200.202406191623/tools/bin/../lib/gcc/arm-none-eabi/12.3.1/../../../../arm-none-eabi/lib/thumb/v7-m/nofp\libc_nano.a(libc_a-malloc.o)
                0x08005d40                malloc
 .text.sbrk_aligned
                0x08005d50       0x44 C:/ST/STM32CubeIDE_1.13.2/STM32CubeIDE/plugins/com.st.stm32cube.ide.mcu.externaltools.gnu-tools-for-stm32.12.3.rel1.win32_1.0.200.202406191623/tools/bin/../lib/gcc/arm-none-eabi/12.3.1/../../../../arm-none-eabi/lib/thumb/v7-m/nofp\libc_nano.a(libc_a-mallocr.o)
 .text._malloc_r
                0x08005d94      0x100 C:/ST/STM32CubeIDE_1.13.2/STM32CubeIDE/plugins/com.st.stm32cube.ide.mcu.externaltools.gnu-tools-for-stm32.12.3.rel1.win32_1.0.200.202406191623/tools/bin/../lib/gcc/arm-none-eabi/12.3.1/../../../../arm-none-eabi/lib/thumb/v7-m/nofp\libc_nano.a(libc_a-mallocr.o)
                0x08005d94                _malloc_r
 .text.__malloc_lock
                0x08005e94        0xc C:/ST/STM32CubeIDE_1.13.2/STM32CubeIDE/plugins/com.st.stm32cube.ide.mcu.externaltools.gnu-tools-for-stm32.12.3.rel1.win32_1.0.200.202406191623/tools/bin/../lib/gcc/arm-none-eabi/12.3.1/../../../../arm-none-eabi/lib/thumb/v7-m/nofp\libc_nano.a(libc_a-mlock.o)
                0x08005e94                __malloc_lock
 .text.__malloc_unlock
                0x08005ea0        0xc C:/ST/STM32CubeIDE_1.13.2/STM32CubeIDE/plugins/com.st.stm32cube.ide.mcu.externaltools.gnu-tools-for-stm32.12.3.rel1.win32_1.0.200.202406191623/tools/bin/../lib/gcc/arm-none-eabi/12.3.1/../../../../arm-none-eabi/lib/thumb/v7-m/nofp\libc_nano.a(libc_a-mlock.o)
                0x08005ea0                __malloc_unlock
 .text._Balloc  0x08005eac       0x80 C:/ST/STM32CubeIDE_1.13.2/STM32CubeIDE/plugins/com.st.stm32cube.ide.mcu.externaltools.gnu-tools-for-stm32.12.3.rel1.win32_1.0.200.202406191623/tools/bin/../lib/gcc/arm-none-eabi/12.3.1/../../../../arm-none-eabi/lib/thumb/v7-m/nofp\libc_nano.a(libc_a-mprec.o)
                0x08005eac                _Balloc
 .text._Bfree   0x08005f2c       0x44 C:/ST/STM32CubeIDE_1.13.2/STM32CubeIDE/plugins/com.st.stm32cube.ide.mcu.externaltools.gnu-tools-for-stm32.12.3.rel1.win32_1.0.200.202406191623/tools/bin/../lib/gcc/arm-none-eabi/12.3.1/../../../../arm-none-eabi/lib/thumb/v7-m/nofp\libc_nano.a(libc_a-mprec.o)
                0x08005f2c                _Bfree
 .text.__multadd
                0x08005f70       0x8c C:/ST/STM32CubeIDE_1.13.2/STM32CubeIDE/plugins/com.st.stm32cube.ide.mcu.externaltools.gnu-tools-for-stm32.12.3.rel1.win32_1.0.200.202406191623/tools/bin/../lib/gcc/arm-none-eabi/12.3.1/../../../../arm-none-eabi/lib/thumb/v7-m/nofp\libc_nano.a(libc_a-mprec.o)
                0x08005f70                __multadd
 .text.__hi0bits
                0x08005ffc       0x3e C:/ST/STM32CubeIDE_1.13.2/STM32CubeIDE/plugins/com.st.stm32cube.ide.mcu.externaltools.gnu-tools-for-stm32.12.3.rel1.win32_1.0.200.202406191623/tools/bin/../lib/gcc/arm-none-eabi/12.3.1/../../../../arm-none-eabi/lib/thumb/v7-m/nofp\libc_nano.a(libc_a-mprec.o)
                0x08005ffc                __hi0bits
 .text.__lo0bits
                0x0800603a       0x5a C:/ST/STM32CubeIDE_1.13.2/STM32CubeIDE/plugins/com.st.stm32cube.ide.mcu.externaltools.gnu-tools-for-stm32.12.3.rel1.win32_1.0.200.202406191623/tools/bin/../lib/gcc/arm-none-eabi/12.3.1/../../../../arm-none-eabi/lib/thumb/v7-m/nofp\libc_nano.a(libc_a-mprec.o)
                0x0800603a                __lo0bits
 .text.__i2b    0x08006094       0x2c C:/ST/STM32CubeIDE_1.13.2/STM32CubeIDE/plugins/com.st.stm32cube.ide.mcu.externaltools.gnu-tools-for-stm32.12.3.rel1.win32_1.0.200.202406191623/tools/bin/../lib/gcc/arm-none-eabi/12.3.1/../../../../arm-none-eabi/lib/thumb/v7-m/nofp\libc_nano.a(libc_a-mprec.o)
                0x08006094                __i2b
 .text.__multiply
                0x080060c0      0x150 C:/ST/STM32CubeIDE_1.13.2/STM32CubeIDE/plugins/com.st.stm32cube.ide.mcu.externaltools.gnu-tools-for-stm32.12.3.rel1.win32_1.0.200.202406191623/tools/bin/../lib/gcc/arm-none-eabi/12.3.1/../../../../arm-none-eabi/lib/thumb/v7-m/nofp\libc_nano.a(libc_a-mprec.o)
                0x080060c0                __multiply
 .text.__pow5mult
                0x08006210       0xb4 C:/ST/STM32CubeIDE_1.13.2/STM32CubeIDE/plugins/com.st.stm32cube.ide.mcu.externaltools.gnu-tools-for-stm32.12.3.rel1.win32_1.0.200.202406191623/tools/bin/../lib/gcc/arm-none-eabi/12.3.1/../../../../arm-none-eabi/lib/thumb/v7-m/nofp\libc_nano.a(libc_a-mprec.o)
                0x08006210                __pow5mult
 .text.__lshift
                0x080062c4       0xd8 C:/ST/STM32CubeIDE_1.13.2/STM32CubeIDE/plugins/com.st.stm32cube.ide.mcu.externaltools.gnu-tools-for-stm32.12.3.rel1.win32_1.0.200.202406191623/tools/bin/../lib/gcc/arm-none-eabi/12.3.1/../../../../arm-none-eabi/lib/thumb/v7-m/nofp\libc_nano.a(libc_a-mprec.o)
                0x080062c4                __lshift
 .text.__mcmp   0x0800639c       0x36 C:/ST/STM32CubeIDE_1.13.2/STM32CubeIDE/plugins/com.st.stm32cube.ide.mcu.externaltools.gnu-tools-for-stm32.12.3.rel1.win32_1.0.200.202406191623/tools/bin/../lib/gcc/arm-none-eabi/12.3.1/../../../../arm-none-eabi/lib/thumb/v7-m/nofp\libc_nano.a(libc_a-mprec.o)
                0x0800639c                __mcmp
 *fill*         0x080063d2        0x2 
 .text.__mdiff  0x080063d4      0x128 C:/ST/STM32CubeIDE_1.13.2/STM32CubeIDE/plugins/com.st.stm32cube.ide.mcu.externaltools.gnu-tools-for-stm32.12.3.rel1.win32_1.0.200.202406191623/tools/bin/../lib/gcc/arm-none-eabi/12.3.1/../../../../arm-none-eabi/lib/thumb/v7-m/nofp\libc_nano.a(libc_a-mprec.o)
                0x080063d4                __mdiff
 .text.__d2b    0x080064fc       0xb0 C:/ST/STM32CubeIDE_1.13.2/STM32CubeIDE/plugins/com.st.stm32cube.ide.mcu.externaltools.gnu-tools-for-stm32.12.3.rel1.win32_1.0.200.202406191623/tools/bin/../lib/gcc/arm-none-eabi/12.3.1/../../../../arm-none-eabi/lib/thumb/v7-m/nofp\libc_nano.a(libc_a-mprec.o)
                0x080064fc                __d2b
 .text.__ssputs_r
                0x080065ac       0xb6 C:/ST/STM32CubeIDE_1.13.2/STM32CubeIDE/plugins/com.st.stm32cube.ide.mcu.externaltools.gnu-tools-for-stm32.12.3.rel1.win32_1.0.200.202406191623/tools/bin/../lib/gcc/arm-none-eabi/12.3.1/../../../../arm-none-eabi/lib/thumb/v7-m/nofp\libc_nano.a(libc_a-nano-svfprintf.o)
                0x080065ac                __ssputs_r
 *fill*         0x08006662        0x2 
 .text._svfprintf_r
                0x08006664      0x1f8 C:/ST/STM32CubeIDE_1.13.2/STM32CubeIDE/plugins/com.st.stm32cube.ide.mcu.externaltools.gnu-tools-for-stm32.12.3.rel1.win32_1.0.200.202406191623/tools/bin/../lib/gcc/arm-none-eabi/12.3.1/../../../../arm-none-eabi/lib/thumb/v7-m/nofp\libc_nano.a(libc_a-nano-svfprintf.o)
                0x08006664                _svfiprintf_r
                0x08006664                _svfprintf_r
 .text.__sflush_r
                0x0800685c      0x100 C:/ST/STM32CubeIDE_1.13.2/STM32CubeIDE/plugins/com.st.stm32cube.ide.mcu.externaltools.gnu-tools-for-stm32.12.3.rel1.win32_1.0.200.202406191623/tools/bin/../lib/gcc/arm-none-eabi/12.3.1/../../../../arm-none-eabi/lib/thumb/v7-m/nofp\libc_nano.a(libc_a-fflush.o)
                0x0800685c                __sflush_r
 .text._fflush_r
                0x0800695c       0x50 C:/ST/STM32CubeIDE_1.13.2/STM32CubeIDE/plugins/com.st.stm32cube.ide.mcu.externaltools.gnu-tools-for-stm32.12.3.rel1.win32_1.0.200.202406191623/tools/bin/../lib/gcc/arm-none-eabi/12.3.1/../../../../arm-none-eabi/lib/thumb/v7-m/nofp\libc_nano.a(libc_a-fflush.o)
                0x0800695c                _fflush_r
 .text.memmove  0x080069ac       0x34 C:/ST/STM32CubeIDE_1.13.2/STM32CubeIDE/plugins/com.st.stm32cube.ide.mcu.externaltools.gnu-tools-for-stm32.12.3.rel1.win32_1.0.200.202406191623/tools/bin/../lib/gcc/arm-none-eabi/12.3.1/../../../../arm-none-eabi/lib/thumb/v7-m/nofp\libc_nano.a(libc_a-memmove.o)
                0x080069ac                memmove
 .text._sbrk_r  0x080069e0       0x20 C:/ST/STM32CubeIDE_1.13.2/STM32CubeIDE/plugins/com.st.stm32cube.ide.mcu.externaltools.gnu-tools-for-stm32.12.3.rel1.win32_1.0.200.202406191623/tools/bin/../lib/gcc/arm-none-eabi/12.3.1/../../../../arm-none-eabi/lib/thumb/v7-m/nofp\libc_nano.a(libc_a-sbrkr.o)
                0x080069e0                _sbrk_r
 .text.memcpy   0x08006a00       0x1c C:/ST/STM32CubeIDE_1.13.2/STM32CubeIDE/plugins/com.st.stm32cube.ide.mcu.externaltools.gnu-tools-for-stm32.12.3.rel1.win32_1.0.200.202406191623/tools/bin/../lib/gcc/arm-none-eabi/12.3.1/../../../../arm-none-eabi/lib/thumb/v7-m/nofp\libc_nano.a(libc_a-memcpy-stub.o)
                0x08006a00                memcpy
 .text.__assert_func
                0x08006a1c       0x3c C:/ST/STM32CubeIDE_1.13.2/STM32CubeIDE/plugins/com.st.stm32cube.ide.mcu.externaltools.gnu-tools-for-stm32.12.3.rel1.win32_1.0.200.202406191623/tools/bin/../lib/gcc/arm-none-eabi/12.3.1/../../../../arm-none-eabi/lib/thumb/v7-m/nofp\libc_nano.a(libc_a-assert.o)
                0x08006a1c                __assert_func
 .text._calloc_r
                0x08006a58       0x28 C:/ST/STM32CubeIDE_1.13.2/STM32CubeIDE/plugins/com.st.stm32cube.ide.mcu.externaltools.gnu-tools-for-stm32.12.3.rel1.win32_1.0.200.202406191623/tools/bin/../lib/gcc/arm-none-eabi/12.3.1/../../../../arm-none-eabi/lib/thumb/v7-m/nofp\libc_nano.a(libc_a-callocr.o)
                0x08006a58                _calloc_r
 .text.__ascii_mbtowc
                0x08006a80       0x24 C:/ST/STM32CubeIDE_1.13.2/STM32CubeIDE/plugins/com.st.stm32cube.ide.mcu.externaltools.gnu-tools-for-stm32.12.3.rel1.win32_1.0.200.202406191623/tools/bin/../lib/gcc/arm-none-eabi/12.3.1/../../../../arm-none-eabi/lib/thumb/v7-m/nofp\libc_nano.a(libc_a-mbtowc_r.o)
                0x08006a80                __ascii_mbtowc
 .text._realloc_r
                0x08006aa4       0x5c C:/ST/STM32CubeIDE_1.13.2/STM32CubeIDE/plugins/com.st.stm32cube.ide.mcu.externaltools.gnu-tools-for-stm32.12.3.rel1.win32_1.0.200.202406191623/tools/bin/../lib/gcc/arm-none-eabi/12.3.1/../../../../arm-none-eabi/lib/thumb/v7-m/nofp\libc_nano.a(libc_a-reallocr.o)
                0x08006aa4                _realloc_r
 .text.__ascii_wctomb
                0x08006b00       0x1a C:/ST/STM32CubeIDE_1.13.2/STM32CubeIDE/plugins/com.st.stm32cube.ide.mcu.externaltools.gnu-tools-for-stm32.12.3.rel1.win32_1.0.200.202406191623/tools/bin/../lib/gcc/arm-none-eabi/12.3.1/../../../../arm-none-eabi/lib/thumb/v7-m/nofp\libc_nano.a(libc_a-wctomb_r.o)
                0x08006b00                __ascii_wctomb
 *fill*         0x08006b1a        0x2 
 .text.fprintf  0x08006b1c       0x24 C:/ST/STM32CubeIDE_1.13.2/STM32CubeIDE/plugins/com.st.stm32cube.ide.mcu.externaltools.gnu-tools-for-stm32.12.3.rel1.win32_1.0.200.202406191623/tools/bin/../lib/gcc/arm-none-eabi/12.3.1/../../../../arm-none-eabi/lib/thumb/v7-m/nofp\libc_nano.a(libc_a-fprintf.o)
                0x08006b1c                fiprintf
                0x08006b1c                fprintf
 .text.abort    0x08006b40        0xe C:/ST/STM32CubeIDE_1.13.2/STM32CubeIDE/plugins/com.st.stm32cube.ide.mcu.externaltools.gnu-tools-for-stm32.12.3.rel1.win32_1.0.200.202406191623/tools/bin/../lib/gcc/arm-none-eabi/12.3.1/../../../../arm-none-eabi/lib/thumb/v7-m/nofp\libc_nano.a(libc_a-abort.o)
                0x08006b40                abort
 .text._malloc_usable_size_r
                0x08006b4e       0x10 C:/ST/STM32CubeIDE_1.13.2/STM32CubeIDE/plugins/com.st.stm32cube.ide.mcu.externaltools.gnu-tools-for-stm32.12.3.rel1.win32_1.0.200.202406191623/tools/bin/../lib/gcc/arm-none-eabi/12.3.1/../../../../arm-none-eabi/lib/thumb/v7-m/nofp\libc_nano.a(libc_a-msizer.o)
                0x08006b4e                _malloc_usable_size_r
 .text.__sfputc_r
                0x08006b5e       0x2a C:/ST/STM32CubeIDE_1.13.2/STM32CubeIDE/plugins/com.st.stm32cube.ide.mcu.externaltools.gnu-tools-for-stm32.12.3.rel1.win32_1.0.200.202406191623/tools/bin/../lib/gcc/arm-none-eabi/12.3.1/../../../../arm-none-eabi/lib/thumb/v7-m/nofp\libc_nano.a(libc_a-nano-vfprintf.o)
 .text.__sfputs_r
                0x08006b88       0x24 C:/ST/STM32CubeIDE_1.13.2/STM32CubeIDE/plugins/com.st.stm32cube.ide.mcu.externaltools.gnu-tools-for-stm32.12.3.rel1.win32_1.0.200.202406191623/tools/bin/../lib/gcc/arm-none-eabi/12.3.1/../../../../arm-none-eabi/lib/thumb/v7-m/nofp\libc_nano.a(libc_a-nano-vfprintf.o)
                0x08006b88                __sfputs_r
 .text._vfprintf_r
                0x08006bac      0x230 C:/ST/STM32CubeIDE_1.13.2/STM32CubeIDE/plugins/com.st.stm32cube.ide.mcu.externaltools.gnu-tools-for-stm32.12.3.rel1.win32_1.0.200.202406191623/tools/bin/../lib/gcc/arm-none-eabi/12.3.1/../../../../arm-none-eabi/lib/thumb/v7-m/nofp\libc_nano.a(libc_a-nano-vfprintf.o)
                0x08006bac                _vfprintf_r
                0x08006bac                _vfiprintf_r
 .text.__swbuf_r
                0x08006ddc       0x7c C:/ST/STM32CubeIDE_1.13.2/STM32CubeIDE/plugins/com.st.stm32cube.ide.mcu.externaltools.gnu-tools-for-stm32.12.3.rel1.win32_1.0.200.202406191623/tools/bin/../lib/gcc/arm-none-eabi/12.3.1/../../../../arm-none-eabi/lib/thumb/v7-m/nofp\libc_nano.a(libc_a-wbuf.o)
                0x08006ddc                __swbuf_r
 .text.__swsetup_r
                0x08006e58       0xac C:/ST/STM32CubeIDE_1.13.2/STM32CubeIDE/plugins/com.st.stm32cube.ide.mcu.externaltools.gnu-tools-for-stm32.12.3.rel1.win32_1.0.200.202406191623/tools/bin/../lib/gcc/arm-none-eabi/12.3.1/../../../../arm-none-eabi/lib/thumb/v7-m/nofp\libc_nano.a(libc_a-wsetup.o)
                0x08006e58                __swsetup_r
 .text._raise_r
                0x08006f04       0x50 C:/ST/STM32CubeIDE_1.13.2/STM32CubeIDE/plugins/com.st.stm32cube.ide.mcu.externaltools.gnu-tools-for-stm32.12.3.rel1.win32_1.0.200.202406191623/tools/bin/../lib/gcc/arm-none-eabi/12.3.1/../../../../arm-none-eabi/lib/thumb/v7-m/nofp\libc_nano.a(libc_a-signal.o)
                0x08006f04                _raise_r
 .text.raise    0x08006f54       0x10 C:/ST/STM32CubeIDE_1.13.2/STM32CubeIDE/plugins/com.st.stm32cube.ide.mcu.externaltools.gnu-tools-for-stm32.12.3.rel1.win32_1.0.200.202406191623/tools/bin/../lib/gcc/arm-none-eabi/12.3.1/../../../../arm-none-eabi/lib/thumb/v7-m/nofp\libc_nano.a(libc_a-signal.o)
                0x08006f54                raise
 .text._kill_r  0x08006f64       0x24 C:/ST/STM32CubeIDE_1.13.2/STM32CubeIDE/plugins/com.st.stm32cube.ide.mcu.externaltools.gnu-tools-for-stm32.12.3.rel1.win32_1.0.200.202406191623/tools/bin/../lib/gcc/arm-none-eabi/12.3.1/../../../../arm-none-eabi/lib/thumb/v7-m/nofp\libc_nano.a(libc_a-signalr.o)
                0x08006f64                _kill_r
 .text._getpid_r
                0x08006f88        0x4 C:/ST/STM32CubeIDE_1.13.2/STM32CubeIDE/plugins/com.st.stm32cube.ide.mcu.externaltools.gnu-tools-for-stm32.12.3.rel1.win32_1.0.200.202406191623/tools/bin/../lib/gcc/arm-none-eabi/12.3.1/../../../../arm-none-eabi/lib/thumb/v7-m/nofp\libc_nano.a(libc_a-signalr.o)
                0x08006f88                _getpid_r
 .text.__swhatbuf_r
                0x08006f8c       0x4a C:/ST/STM32CubeIDE_1.13.2/STM32CubeIDE/plugins/com.st.stm32cube.ide.mcu.externaltools.gnu-tools-for-stm32.12.3.rel1.win32_1.0.200.202406191623/tools/bin/../lib/gcc/arm-none-eabi/12.3.1/../../../../arm-none-eabi/lib/thumb/v7-m/nofp\libc_nano.a(libc_a-makebuf.o)
                0x08006f8c                __swhatbuf_r
 .text.__smakebuf_r
                0x08006fd6       0x78 C:/ST/STM32CubeIDE_1.13.2/STM32CubeIDE/plugins/com.st.stm32cube.ide.mcu.externaltools.gnu-tools-for-stm32.12.3.rel1.win32_1.0.200.202406191623/tools/bin/../lib/gcc/arm-none-eabi/12.3.1/../../../../arm-none-eabi/lib/thumb/v7-m/nofp\libc_nano.a(libc_a-makebuf.o)
                0x08006fd6                __smakebuf_r
 *fill*         0x0800704e        0x2 
 .text._fstat_r
                0x08007050       0x24 C:/ST/STM32CubeIDE_1.13.2/STM32CubeIDE/plugins/com.st.stm32cube.ide.mcu.externaltools.gnu-tools-for-stm32.12.3.rel1.win32_1.0.200.202406191623/tools/bin/../lib/gcc/arm-none-eabi/12.3.1/../../../../arm-none-eabi/lib/thumb/v7-m/nofp\libc_nano.a(libc_a-fstatr.o)
                0x08007050                _fstat_r
 .text._isatty_r
                0x08007074       0x20 C:/ST/STM32CubeIDE_1.13.2/STM32CubeIDE/plugins/com.st.stm32cube.ide.mcu.externaltools.gnu-tools-for-stm32.12.3.rel1.win32_1.0.200.202406191623/tools/bin/../lib/gcc/arm-none-eabi/12.3.1/../../../../arm-none-eabi/lib/thumb/v7-m/nofp\libc_nano.a(libc_a-isattyr.o)
                0x08007074                _isatty_r
 *(.glue_7)
 .glue_7        0x08007094        0x0 linker stubs
 *(.glue_7t)
 .glue_7t       0x08007094        0x0 linker stubs
 *(.eh_frame)
 .eh_frame      0x08007094        0x0 C:/ST/STM32CubeIDE_1.13.2/STM32CubeIDE/plugins/com.st.stm32cube.ide.mcu.externaltools.gnu-tools-for-stm32.12.3.rel1.win32_1.0.200.202406191623/tools/bin/../lib/gcc/arm-none-eabi/12.3.1/thumb/v7-m/nofp/crtbegin.o
 *(.init)
 .init          0x08007094        0x4 C:/ST/STM32CubeIDE_1.13.2/STM32CubeIDE/plugins/com.st.stm32cube.ide.mcu.externaltools.gnu-tools-for-stm32.12.3.rel1.win32_1.0.200.202406191623/tools/bin/../lib/gcc/arm-none-eabi/12.3.1/thumb/v7-m/nofp/crti.o
                0x08007094                _init
 .init          0x08007098        0x8 C:/ST/STM32CubeIDE_1.13.2/STM32CubeIDE/plugins/com.st.stm32cube.ide.mcu.externaltools.gnu-tools-for-stm32.12.3.rel1.win32_1.0.200.202406191623/tools/bin/../lib/gcc/arm-none-eabi/12.3.1/thumb/v7-m/nofp/crtn.o
 *(.fini)
 .fini          0x080070a0        0x4 C:/ST/STM32CubeIDE_1.13.2/STM32CubeIDE/plugins/com.st.stm32cube.ide.mcu.externaltools.gnu-tools-for-stm32.12.3.rel1.win32_1.0.200.202406191623/tools/bin/../lib/gcc/arm-none-eabi/12.3.1/thumb/v7-m/nofp/crti.o
                0x080070a0                _fini
 .fini          0x080070a4        0x8 C:/ST/STM32CubeIDE_1.13.2/STM32CubeIDE/plugins/com.st.stm32cube.ide.mcu.externaltools.gnu-tools-for-stm32.12.3.rel1.win32_1.0.200.202406191623/tools/bin/../lib/gcc/arm-none-eabi/12.3.1/thumb/v7-m/nofp/crtn.o
                0x080070ac                        . = ALIGN (0x4)
                0x080070ac                        _etext = .

.vfp11_veneer   0x080070ac        0x0
 .vfp11_veneer  0x080070ac        0x0 linker stubs

.v4_bx          0x080070ac        0x0
 .v4_bx         0x080070ac        0x0 linker stubs

.iplt           0x080070ac        0x0
 .iplt          0x080070ac        0x0 C:/ST/STM32CubeIDE_1.13.2/STM32CubeIDE/plugins/com.st.stm32cube.ide.mcu.externaltools.gnu-tools-for-stm32.12.3.rel1.win32_1.0.200.202406191623/tools/bin/../lib/gcc/arm-none-eabi/12.3.1/thumb/v7-m/nofp/crtbegin.o

.rodata         0x080070b0     0x14d8
                0x080070b0                        . = ALIGN (0x4)
 *(.rodata)
 .rodata        0x080070b0       0x4b ./Core/Src/main.o
 *(.rodata*)
 *fill*         0x080070fb        0x1 
 .rodata.acGUI_FontHPSimplified15_0020
                0x080070fc        0xf ./Core/Src/HP Simplified15.o
                0x080070fc                acGUI_FontHPSimplified15_0020
 *fill*         0x0800710b        0x1 
 .rodata.acGUI_FontHPSimplified15_0021
                0x0800710c        0xf ./Core/Src/HP Simplified15.o
                0x0800710c                acGUI_FontHPSimplified15_0021
 *fill*         0x0800711b        0x1 
 .rodata.acGUI_FontHPSimplified15_0022
                0x0800711c        0xf ./Core/Src/HP Simplified15.o
                0x0800711c                acGUI_FontHPSimplified15_0022
 *fill*         0x0800712b        0x1 
 .rodata.acGUI_FontHPSimplified15_0023
                0x0800712c       0x1e ./Core/Src/HP Simplified15.o
                0x0800712c                acGUI_FontHPSimplified15_0023
 *fill*         0x0800714a        0x2 
 .rodata.acGUI_FontHPSimplified15_0024
                0x0800714c       0x1e ./Core/Src/HP Simplified15.o
                0x0800714c                acGUI_FontHPSimplified15_0024
 *fill*         0x0800716a        0x2 
 .rodata.acGUI_FontHPSimplified15_0025
                0x0800716c       0x1e ./Core/Src/HP Simplified15.o
                0x0800716c                acGUI_FontHPSimplified15_0025
 *fill*         0x0800718a        0x2 
 .rodata.acGUI_FontHPSimplified15_0026
                0x0800718c       0x1e ./Core/Src/HP Simplified15.o
                0x0800718c                acGUI_FontHPSimplified15_0026
 *fill*         0x080071aa        0x2 
 .rodata.acGUI_FontHPSimplified15_0027
                0x080071ac        0xf ./Core/Src/HP Simplified15.o
                0x080071ac                acGUI_FontHPSimplified15_0027
 *fill*         0x080071bb        0x1 
 .rodata.acGUI_FontHPSimplified15_0028
                0x080071bc        0xf ./Core/Src/HP Simplified15.o
                0x080071bc                acGUI_FontHPSimplified15_0028
 *fill*         0x080071cb        0x1 
 .rodata.acGUI_FontHPSimplified15_0029
                0x080071cc        0xf ./Core/Src/HP Simplified15.o
                0x080071cc                acGUI_FontHPSimplified15_0029
 *fill*         0x080071db        0x1 
 .rodata.acGUI_FontHPSimplified15_002A
                0x080071dc        0xf ./Core/Src/HP Simplified15.o
                0x080071dc                acGUI_FontHPSimplified15_002A
 *fill*         0x080071eb        0x1 
 .rodata.acGUI_FontHPSimplified15_002B
                0x080071ec       0x1e ./Core/Src/HP Simplified15.o
                0x080071ec                acGUI_FontHPSimplified15_002B
 *fill*         0x0800720a        0x2 
 .rodata.acGUI_FontHPSimplified15_002C
                0x0800720c        0xf ./Core/Src/HP Simplified15.o
                0x0800720c                acGUI_FontHPSimplified15_002C
 *fill*         0x0800721b        0x1 
 .rodata.acGUI_FontHPSimplified15_002D
                0x0800721c        0xf ./Core/Src/HP Simplified15.o
                0x0800721c                acGUI_FontHPSimplified15_002D
 *fill*         0x0800722b        0x1 
 .rodata.acGUI_FontHPSimplified15_002E
                0x0800722c        0xf ./Core/Src/HP Simplified15.o
                0x0800722c                acGUI_FontHPSimplified15_002E
 *fill*         0x0800723b        0x1 
 .rodata.acGUI_FontHPSimplified15_002F
                0x0800723c        0xf ./Core/Src/HP Simplified15.o
                0x0800723c                acGUI_FontHPSimplified15_002F
 *fill*         0x0800724b        0x1 
 .rodata.acGUI_FontHPSimplified15_0030
                0x0800724c       0x1e ./Core/Src/HP Simplified15.o
                0x0800724c                acGUI_FontHPSimplified15_0030
 *fill*         0x0800726a        0x2 
 .rodata.acGUI_FontHPSimplified15_0031
                0x0800726c       0x1e ./Core/Src/HP Simplified15.o
                0x0800726c                acGUI_FontHPSimplified15_0031
 *fill*         0x0800728a        0x2 
 .rodata.acGUI_FontHPSimplified15_0032
                0x0800728c       0x1e ./Core/Src/HP Simplified15.o
                0x0800728c                acGUI_FontHPSimplified15_0032
 *fill*         0x080072aa        0x2 
 .rodata.acGUI_FontHPSimplified15_0033
                0x080072ac       0x1e ./Core/Src/HP Simplified15.o
                0x080072ac                acGUI_FontHPSimplified15_0033
 *fill*         0x080072ca        0x2 
 .rodata.acGUI_FontHPSimplified15_0034
                0x080072cc       0x1e ./Core/Src/HP Simplified15.o
                0x080072cc                acGUI_FontHPSimplified15_0034
 *fill*         0x080072ea        0x2 
 .rodata.acGUI_FontHPSimplified15_0035
                0x080072ec       0x1e ./Core/Src/HP Simplified15.o
                0x080072ec                acGUI_FontHPSimplified15_0035
 *fill*         0x0800730a        0x2 
 .rodata.acGUI_FontHPSimplified15_0036
                0x0800730c       0x1e ./Core/Src/HP Simplified15.o
                0x0800730c                acGUI_FontHPSimplified15_0036
 *fill*         0x0800732a        0x2 
 .rodata.acGUI_FontHPSimplified15_0037
                0x0800732c       0x1e ./Core/Src/HP Simplified15.o
                0x0800732c                acGUI_FontHPSimplified15_0037
 *fill*         0x0800734a        0x2 
 .rodata.acGUI_FontHPSimplified15_0038
                0x0800734c       0x1e ./Core/Src/HP Simplified15.o
                0x0800734c                acGUI_FontHPSimplified15_0038
 *fill*         0x0800736a        0x2 
 .rodata.acGUI_FontHPSimplified15_0039
                0x0800736c       0x1e ./Core/Src/HP Simplified15.o
                0x0800736c                acGUI_FontHPSimplified15_0039
 *fill*         0x0800738a        0x2 
 .rodata.acGUI_FontHPSimplified15_003A
                0x0800738c        0xf ./Core/Src/HP Simplified15.o
                0x0800738c                acGUI_FontHPSimplified15_003A
 *fill*         0x0800739b        0x1 
 .rodata.acGUI_FontHPSimplified15_003B
                0x0800739c        0xf ./Core/Src/HP Simplified15.o
                0x0800739c                acGUI_FontHPSimplified15_003B
 *fill*         0x080073ab        0x1 
 .rodata.acGUI_FontHPSimplified15_003C
                0x080073ac       0x1e ./Core/Src/HP Simplified15.o
                0x080073ac                acGUI_FontHPSimplified15_003C
 *fill*         0x080073ca        0x2 
 .rodata.acGUI_FontHPSimplified15_003D
                0x080073cc       0x1e ./Core/Src/HP Simplified15.o
                0x080073cc                acGUI_FontHPSimplified15_003D
 *fill*         0x080073ea        0x2 
 .rodata.acGUI_FontHPSimplified15_003E
                0x080073ec       0x1e ./Core/Src/HP Simplified15.o
                0x080073ec                acGUI_FontHPSimplified15_003E
 *fill*         0x0800740a        0x2 
 .rodata.acGUI_FontHPSimplified15_003F
                0x0800740c        0xf ./Core/Src/HP Simplified15.o
                0x0800740c                acGUI_FontHPSimplified15_003F
 *fill*         0x0800741b        0x1 
 .rodata.acGUI_FontHPSimplified15_0040
                0x0800741c       0x1e ./Core/Src/HP Simplified15.o
                0x0800741c                acGUI_FontHPSimplified15_0040
 *fill*         0x0800743a        0x2 
 .rodata.acGUI_FontHPSimplified15_0041
                0x0800743c       0x1e ./Core/Src/HP Simplified15.o
                0x0800743c                acGUI_FontHPSimplified15_0041
 *fill*         0x0800745a        0x2 
 .rodata.acGUI_FontHPSimplified15_0042
                0x0800745c       0x1e ./Core/Src/HP Simplified15.o
                0x0800745c                acGUI_FontHPSimplified15_0042
 *fill*         0x0800747a        0x2 
 .rodata.acGUI_FontHPSimplified15_0043
                0x0800747c       0x1e ./Core/Src/HP Simplified15.o
                0x0800747c                acGUI_FontHPSimplified15_0043
 *fill*         0x0800749a        0x2 
 .rodata.acGUI_FontHPSimplified15_0044
                0x0800749c       0x1e ./Core/Src/HP Simplified15.o
                0x0800749c                acGUI_FontHPSimplified15_0044
 *fill*         0x080074ba        0x2 
 .rodata.acGUI_FontHPSimplified15_0045
                0x080074bc       0x1e ./Core/Src/HP Simplified15.o
                0x080074bc                acGUI_FontHPSimplified15_0045
 *fill*         0x080074da        0x2 
 .rodata.acGUI_FontHPSimplified15_0046
                0x080074dc       0x1e ./Core/Src/HP Simplified15.o
                0x080074dc                acGUI_FontHPSimplified15_0046
 *fill*         0x080074fa        0x2 
 .rodata.acGUI_FontHPSimplified15_0047
                0x080074fc       0x1e ./Core/Src/HP Simplified15.o
                0x080074fc                acGUI_FontHPSimplified15_0047
 *fill*         0x0800751a        0x2 
 .rodata.acGUI_FontHPSimplified15_0048
                0x0800751c       0x1e ./Core/Src/HP Simplified15.o
                0x0800751c                acGUI_FontHPSimplified15_0048
 *fill*         0x0800753a        0x2 
 .rodata.acGUI_FontHPSimplified15_0049
                0x0800753c        0xf ./Core/Src/HP Simplified15.o
                0x0800753c                acGUI_FontHPSimplified15_0049
 *fill*         0x0800754b        0x1 
 .rodata.acGUI_FontHPSimplified15_004A
                0x0800754c        0xf ./Core/Src/HP Simplified15.o
                0x0800754c                acGUI_FontHPSimplified15_004A
 *fill*         0x0800755b        0x1 
 .rodata.acGUI_FontHPSimplified15_004B
                0x0800755c       0x1e ./Core/Src/HP Simplified15.o
                0x0800755c                acGUI_FontHPSimplified15_004B
 *fill*         0x0800757a        0x2 
 .rodata.acGUI_FontHPSimplified15_004C
                0x0800757c       0x1e ./Core/Src/HP Simplified15.o
                0x0800757c                acGUI_FontHPSimplified15_004C
 *fill*         0x0800759a        0x2 
 .rodata.acGUI_FontHPSimplified15_004D
                0x0800759c       0x1e ./Core/Src/HP Simplified15.o
                0x0800759c                acGUI_FontHPSimplified15_004D
 *fill*         0x080075ba        0x2 
 .rodata.acGUI_FontHPSimplified15_004E
                0x080075bc       0x1e ./Core/Src/HP Simplified15.o
                0x080075bc                acGUI_FontHPSimplified15_004E
 *fill*         0x080075da        0x2 
 .rodata.acGUI_FontHPSimplified15_004F
                0x080075dc       0x1e ./Core/Src/HP Simplified15.o
                0x080075dc                acGUI_FontHPSimplified15_004F
 *fill*         0x080075fa        0x2 
 .rodata.acGUI_FontHPSimplified15_0050
                0x080075fc       0x1e ./Core/Src/HP Simplified15.o
                0x080075fc                acGUI_FontHPSimplified15_0050
 *fill*         0x0800761a        0x2 
 .rodata.acGUI_FontHPSimplified15_0051
                0x0800761c       0x1e ./Core/Src/HP Simplified15.o
                0x0800761c                acGUI_FontHPSimplified15_0051
 *fill*         0x0800763a        0x2 
 .rodata.acGUI_FontHPSimplified15_0052
                0x0800763c       0x1e ./Core/Src/HP Simplified15.o
                0x0800763c                acGUI_FontHPSimplified15_0052
 *fill*         0x0800765a        0x2 
 .rodata.acGUI_FontHPSimplified15_0053
                0x0800765c       0x1e ./Core/Src/HP Simplified15.o
                0x0800765c                acGUI_FontHPSimplified15_0053
 *fill*         0x0800767a        0x2 
 .rodata.acGUI_FontHPSimplified15_0054
                0x0800767c       0x1e ./Core/Src/HP Simplified15.o
                0x0800767c                acGUI_FontHPSimplified15_0054
 *fill*         0x0800769a        0x2 
 .rodata.acGUI_FontHPSimplified15_0055
                0x0800769c       0x1e ./Core/Src/HP Simplified15.o
                0x0800769c                acGUI_FontHPSimplified15_0055
 *fill*         0x080076ba        0x2 
 .rodata.acGUI_FontHPSimplified15_0056
                0x080076bc       0x1e ./Core/Src/HP Simplified15.o
                0x080076bc                acGUI_FontHPSimplified15_0056
 *fill*         0x080076da        0x2 
 .rodata.acGUI_FontHPSimplified15_0057
                0x080076dc       0x1e ./Core/Src/HP Simplified15.o
                0x080076dc                acGUI_FontHPSimplified15_0057
 *fill*         0x080076fa        0x2 
 .rodata.acGUI_FontHPSimplified15_0058
                0x080076fc       0x1e ./Core/Src/HP Simplified15.o
                0x080076fc                acGUI_FontHPSimplified15_0058
 *fill*         0x0800771a        0x2 
 .rodata.acGUI_FontHPSimplified15_0059
                0x0800771c       0x1e ./Core/Src/HP Simplified15.o
                0x0800771c                acGUI_FontHPSimplified15_0059
 *fill*         0x0800773a        0x2 
 .rodata.acGUI_FontHPSimplified15_005A
                0x0800773c       0x1e ./Core/Src/HP Simplified15.o
                0x0800773c                acGUI_FontHPSimplified15_005A
 *fill*         0x0800775a        0x2 
 .rodata.acGUI_FontHPSimplified15_005B
                0x0800775c        0xf ./Core/Src/HP Simplified15.o
                0x0800775c                acGUI_FontHPSimplified15_005B
 *fill*         0x0800776b        0x1 
 .rodata.acGUI_FontHPSimplified15_005C
                0x0800776c       0x1e ./Core/Src/HP Simplified15.o
                0x0800776c                acGUI_FontHPSimplified15_005C
 *fill*         0x0800778a        0x2 
 .rodata.acGUI_FontHPSimplified15_005D
                0x0800778c        0xf ./Core/Src/HP Simplified15.o
                0x0800778c                acGUI_FontHPSimplified15_005D
 *fill*         0x0800779b        0x1 
 .rodata.acGUI_FontHPSimplified15_005E
                0x0800779c       0x1e ./Core/Src/HP Simplified15.o
                0x0800779c                acGUI_FontHPSimplified15_005E
 *fill*         0x080077ba        0x2 
 .rodata.acGUI_FontHPSimplified15_005F
                0x080077bc       0x1e ./Core/Src/HP Simplified15.o
                0x080077bc                acGUI_FontHPSimplified15_005F
 *fill*         0x080077da        0x2 
 .rodata.acGUI_FontHPSimplified15_0060
                0x080077dc        0xf ./Core/Src/HP Simplified15.o
                0x080077dc                acGUI_FontHPSimplified15_0060
 *fill*         0x080077eb        0x1 
 .rodata.acGUI_FontHPSimplified15_0061
                0x080077ec       0x1e ./Core/Src/HP Simplified15.o
                0x080077ec                acGUI_FontHPSimplified15_0061
 *fill*         0x0800780a        0x2 
 .rodata.acGUI_FontHPSimplified15_0062
                0x0800780c       0x1e ./Core/Src/HP Simplified15.o
                0x0800780c                acGUI_FontHPSimplified15_0062
 *fill*         0x0800782a        0x2 
 .rodata.acGUI_FontHPSimplified15_0063
                0x0800782c        0xf ./Core/Src/HP Simplified15.o
                0x0800782c                acGUI_FontHPSimplified15_0063
 *fill*         0x0800783b        0x1 
 .rodata.acGUI_FontHPSimplified15_0064
                0x0800783c       0x1e ./Core/Src/HP Simplified15.o
                0x0800783c                acGUI_FontHPSimplified15_0064
 *fill*         0x0800785a        0x2 
 .rodata.acGUI_FontHPSimplified15_0065
                0x0800785c       0x1e ./Core/Src/HP Simplified15.o
                0x0800785c                acGUI_FontHPSimplified15_0065
 *fill*         0x0800787a        0x2 
 .rodata.acGUI_FontHPSimplified15_0066
                0x0800787c        0xf ./Core/Src/HP Simplified15.o
                0x0800787c                acGUI_FontHPSimplified15_0066
 *fill*         0x0800788b        0x1 
 .rodata.acGUI_FontHPSimplified15_0067
                0x0800788c       0x1e ./Core/Src/HP Simplified15.o
                0x0800788c                acGUI_FontHPSimplified15_0067
 *fill*         0x080078aa        0x2 
 .rodata.acGUI_FontHPSimplified15_0068
                0x080078ac       0x1e ./Core/Src/HP Simplified15.o
                0x080078ac                acGUI_FontHPSimplified15_0068
 *fill*         0x080078ca        0x2 
 .rodata.acGUI_FontHPSimplified15_0069
                0x080078cc        0xf ./Core/Src/HP Simplified15.o
                0x080078cc                acGUI_FontHPSimplified15_0069
 *fill*         0x080078db        0x1 
 .rodata.acGUI_FontHPSimplified15_006A
                0x080078dc        0xf ./Core/Src/HP Simplified15.o
                0x080078dc                acGUI_FontHPSimplified15_006A
 *fill*         0x080078eb        0x1 
 .rodata.acGUI_FontHPSimplified15_006B
                0x080078ec       0x1e ./Core/Src/HP Simplified15.o
                0x080078ec                acGUI_FontHPSimplified15_006B
 *fill*         0x0800790a        0x2 
 .rodata.acGUI_FontHPSimplified15_006C
                0x0800790c        0xf ./Core/Src/HP Simplified15.o
                0x0800790c                acGUI_FontHPSimplified15_006C
 *fill*         0x0800791b        0x1 
 .rodata.acGUI_FontHPSimplified15_006D
                0x0800791c       0x1e ./Core/Src/HP Simplified15.o
                0x0800791c                acGUI_FontHPSimplified15_006D
 *fill*         0x0800793a        0x2 
 .rodata.acGUI_FontHPSimplified15_006E
                0x0800793c       0x1e ./Core/Src/HP Simplified15.o
                0x0800793c                acGUI_FontHPSimplified15_006E
 *fill*         0x0800795a        0x2 
 .rodata.acGUI_FontHPSimplified15_006F
                0x0800795c       0x1e ./Core/Src/HP Simplified15.o
                0x0800795c                acGUI_FontHPSimplified15_006F
 *fill*         0x0800797a        0x2 
 .rodata.acGUI_FontHPSimplified15_0070
                0x0800797c       0x1e ./Core/Src/HP Simplified15.o
                0x0800797c                acGUI_FontHPSimplified15_0070
 *fill*         0x0800799a        0x2 
 .rodata.acGUI_FontHPSimplified15_0071
                0x0800799c       0x1e ./Core/Src/HP Simplified15.o
                0x0800799c                acGUI_FontHPSimplified15_0071
 *fill*         0x080079ba        0x2 
 .rodata.acGUI_FontHPSimplified15_0072
                0x080079bc        0xf ./Core/Src/HP Simplified15.o
                0x080079bc                acGUI_FontHPSimplified15_0072
 *fill*         0x080079cb        0x1 
 .rodata.acGUI_FontHPSimplified15_0073
                0x080079cc        0xf ./Core/Src/HP Simplified15.o
                0x080079cc                acGUI_FontHPSimplified15_0073
 *fill*         0x080079db        0x1 
 .rodata.acGUI_FontHPSimplified15_0074
                0x080079dc        0xf ./Core/Src/HP Simplified15.o
                0x080079dc                acGUI_FontHPSimplified15_0074
 *fill*         0x080079eb        0x1 
 .rodata.acGUI_FontHPSimplified15_0075
                0x080079ec       0x1e ./Core/Src/HP Simplified15.o
                0x080079ec                acGUI_FontHPSimplified15_0075
 *fill*         0x08007a0a        0x2 
 .rodata.acGUI_FontHPSimplified15_0076
                0x08007a0c       0x1e ./Core/Src/HP Simplified15.o
                0x08007a0c                acGUI_FontHPSimplified15_0076
 *fill*         0x08007a2a        0x2 
 .rodata.acGUI_FontHPSimplified15_0077
                0x08007a2c       0x1e ./Core/Src/HP Simplified15.o
                0x08007a2c                acGUI_FontHPSimplified15_0077
 *fill*         0x08007a4a        0x2 
 .rodata.acGUI_FontHPSimplified15_0078
                0x08007a4c       0x1e ./Core/Src/HP Simplified15.o
                0x08007a4c                acGUI_FontHPSimplified15_0078
 *fill*         0x08007a6a        0x2 
 .rodata.acGUI_FontHPSimplified15_0079
                0x08007a6c       0x1e ./Core/Src/HP Simplified15.o
                0x08007a6c                acGUI_FontHPSimplified15_0079
 *fill*         0x08007a8a        0x2 
 .rodata.acGUI_FontHPSimplified15_007A
                0x08007a8c        0xf ./Core/Src/HP Simplified15.o
                0x08007a8c                acGUI_FontHPSimplified15_007A
 *fill*         0x08007a9b        0x1 
 .rodata.acGUI_FontHPSimplified15_007B
                0x08007a9c        0xf ./Core/Src/HP Simplified15.o
                0x08007a9c                acGUI_FontHPSimplified15_007B
 *fill*         0x08007aab        0x1 
 .rodata.acGUI_FontHPSimplified15_007C
                0x08007aac        0xf ./Core/Src/HP Simplified15.o
                0x08007aac                acGUI_FontHPSimplified15_007C
 *fill*         0x08007abb        0x1 
 .rodata.acGUI_FontHPSimplified15_007D
                0x08007abc        0xf ./Core/Src/HP Simplified15.o
                0x08007abc                acGUI_FontHPSimplified15_007D
 *fill*         0x08007acb        0x1 
 .rodata.acGUI_FontHPSimplified15_814C
                0x08007acc        0xf ./Core/Src/HP Simplified15.o
                0x08007acc                acGUI_FontHPSimplified15_814C
 *fill*         0x08007adb        0x1 
 .rodata.acGUI_FontHPSimplified15_814E
                0x08007adc        0xf ./Core/Src/HP Simplified15.o
                0x08007adc                acGUI_FontHPSimplified15_814E
 *fill*         0x08007aeb        0x1 
 .rodata.acGUI_FontHPSimplified15_815F
                0x08007aec        0xf ./Core/Src/HP Simplified15.o
                0x08007aec                acGUI_FontHPSimplified15_815F
 *fill*         0x08007afb        0x1 
 .rodata.acGUI_FontHPSimplified15_8163
                0x08007afc       0x1e ./Core/Src/HP Simplified15.o
                0x08007afc                acGUI_FontHPSimplified15_8163
 *fill*         0x08007b1a        0x2 
 .rodata.acGUI_FontHPSimplified15_8165
                0x08007b1c        0xf ./Core/Src/HP Simplified15.o
                0x08007b1c                acGUI_FontHPSimplified15_8165
 *fill*         0x08007b2b        0x1 
 .rodata.acGUI_FontHPSimplified15_8166
                0x08007b2c        0xf ./Core/Src/HP Simplified15.o
                0x08007b2c                acGUI_FontHPSimplified15_8166
 *fill*         0x08007b3b        0x1 
 .rodata.acGUI_FontHPSimplified15_8167
                0x08007b3c        0xf ./Core/Src/HP Simplified15.o
                0x08007b3c                acGUI_FontHPSimplified15_8167
 *fill*         0x08007b4b        0x1 
 .rodata.acGUI_FontHPSimplified15_8168
                0x08007b4c        0xf ./Core/Src/HP Simplified15.o
                0x08007b4c                acGUI_FontHPSimplified15_8168
 *fill*         0x08007b5b        0x1 
 .rodata.acGUI_FontHPSimplified15_817C
                0x08007b5c       0x1e ./Core/Src/HP Simplified15.o
                0x08007b5c                acGUI_FontHPSimplified15_817C
 *fill*         0x08007b7a        0x2 
 .rodata.acGUI_FontHPSimplified15_817D
                0x08007b7c       0x1e ./Core/Src/HP Simplified15.o
                0x08007b7c                acGUI_FontHPSimplified15_817D
 *fill*         0x08007b9a        0x2 
 .rodata.acGUI_FontHPSimplified15_817E
                0x08007b9c       0x1e ./Core/Src/HP Simplified15.o
                0x08007b9c                acGUI_FontHPSimplified15_817E
 *fill*         0x08007bba        0x2 
 .rodata.acGUI_FontHPSimplified15_8180
                0x08007bbc       0x1e ./Core/Src/HP Simplified15.o
                0x08007bbc                acGUI_FontHPSimplified15_8180
 *fill*         0x08007bda        0x2 
 .rodata.acGUI_FontHPSimplified15_8182
                0x08007bdc       0x1e ./Core/Src/HP Simplified15.o
                0x08007bdc                acGUI_FontHPSimplified15_8182
 *fill*         0x08007bfa        0x2 
 .rodata.acGUI_FontHPSimplified15_8187
                0x08007bfc       0x1e ./Core/Src/HP Simplified15.o
                0x08007bfc                acGUI_FontHPSimplified15_8187
 *fill*         0x08007c1a        0x2 
 .rodata.acGUI_FontHPSimplified15_818B
                0x08007c1c        0xf ./Core/Src/HP Simplified15.o
                0x08007c1c                acGUI_FontHPSimplified15_818B
 *fill*         0x08007c2b        0x1 
 .rodata.acGUI_FontHPSimplified15_8191
                0x08007c2c       0x1e ./Core/Src/HP Simplified15.o
                0x08007c2c                acGUI_FontHPSimplified15_8191
 *fill*         0x08007c4a        0x2 
 .rodata.acGUI_FontHPSimplified15_8192
                0x08007c4c       0x1e ./Core/Src/HP Simplified15.o
                0x08007c4c                acGUI_FontHPSimplified15_8192
 *fill*         0x08007c6a        0x2 
 .rodata.acGUI_FontHPSimplified15_8198
                0x08007c6c       0x1e ./Core/Src/HP Simplified15.o
                0x08007c6c                acGUI_FontHPSimplified15_8198
 *fill*         0x08007c8a        0x2 
 .rodata.acGUI_FontHPSimplified15_81CA
                0x08007c8c       0x1e ./Core/Src/HP Simplified15.o
                0x08007c8c                acGUI_FontHPSimplified15_81CA
 *fill*         0x08007caa        0x2 
 .rodata.acGUI_FontHPSimplified15_81DD
                0x08007cac       0x1e ./Core/Src/HP Simplified15.o
                0x08007cac                acGUI_FontHPSimplified15_81DD
 *fill*         0x08007cca        0x2 
 .rodata.acGUI_FontHPSimplified15_81E3
                0x08007ccc       0x1e ./Core/Src/HP Simplified15.o
                0x08007ccc                acGUI_FontHPSimplified15_81E3
 *fill*         0x08007cea        0x2 
 .rodata.acGUI_FontHPSimplified15_81E7
                0x08007cec        0xf ./Core/Src/HP Simplified15.o
                0x08007cec                acGUI_FontHPSimplified15_81E7
 *fill*         0x08007cfb        0x1 
 .rodata.acGUI_FontHPSimplified15_81F1
                0x08007cfc       0x2d ./Core/Src/HP Simplified15.o
                0x08007cfc                acGUI_FontHPSimplified15_81F1
 *fill*         0x08007d29        0x3 
 .rodata.acGUI_FontHPSimplified15_81F5
                0x08007d2c       0x1e ./Core/Src/HP Simplified15.o
                0x08007d2c                acGUI_FontHPSimplified15_81F5
 *fill*         0x08007d4a        0x2 
 .rodata.acGUI_FontHPSimplified15_81F6
                0x08007d4c       0x1e ./Core/Src/HP Simplified15.o
                0x08007d4c                acGUI_FontHPSimplified15_81F6
 *fill*         0x08007d6a        0x2 
 .rodata.acGUI_FontHPSimplified15_81F7
                0x08007d6c       0x1e ./Core/Src/HP Simplified15.o
                0x08007d6c                acGUI_FontHPSimplified15_81F7
 *fill*         0x08007d8a        0x2 
 .rodata.acGUI_FontHPSimplified15_83A2
                0x08007d8c       0x1e ./Core/Src/HP Simplified15.o
                0x08007d8c                acGUI_FontHPSimplified15_83A2
 *fill*         0x08007daa        0x2 
 .rodata.acGUI_FontHPSimplified15_83B6
                0x08007dac       0x1e ./Core/Src/HP Simplified15.o
                0x08007dac                acGUI_FontHPSimplified15_83B6
 *fill*         0x08007dca        0x2 
 .rodata.acGUI_FontHPSimplified15_83CA
                0x08007dcc       0x1e ./Core/Src/HP Simplified15.o
                0x08007dcc                acGUI_FontHPSimplified15_83CA
 *fill*         0x08007dea        0x2 
 .rodata.acGUI_FontHPSimplified15_83CE
                0x08007dec       0x1e ./Core/Src/HP Simplified15.o
                0x08007dec                acGUI_FontHPSimplified15_83CE
 *fill*         0x08007e0a        0x2 
 .rodata.GUI_FontHPSimplified15_CharInfo
                0x08007e0c      0x3e0 ./Core/Src/HP Simplified15.o
                0x08007e0c                GUI_FontHPSimplified15_CharInfo
 .rodata.AHBPrescTable
                0x080081ec       0x10 ./Core/Src/system_stm32f1xx.o
                0x080081ec                AHBPrescTable
 .rodata.APBPrescTable
                0x080081fc        0x8 ./Core/Src/system_stm32f1xx.o
                0x080081fc                APBPrescTable
 .rodata.aPLLMULFactorTable.1
                0x08008204       0x10 ./Drivers/STM32F1xx_HAL_Driver/Src/stm32f1xx_hal_rcc.o
 .rodata.aPredivFactorTable.0
                0x08008214        0x2 ./Drivers/STM32F1xx_HAL_Driver/Src/stm32f1xx_hal_rcc.o
 .rodata._printf_float.str1.1
                0x08008216       0x12 C:/ST/STM32CubeIDE_1.13.2/STM32CubeIDE/plugins/com.st.stm32cube.ide.mcu.externaltools.gnu-tools-for-stm32.12.3.rel1.win32_1.0.200.202406191623/tools/bin/../lib/gcc/arm-none-eabi/12.3.1/../../../../arm-none-eabi/lib/thumb/v7-m/nofp\libc_nano.a(libc_a-nano-vfprintf_float.o)
 .rodata._printf_i.str1.1
                0x08008228       0x22 C:/ST/STM32CubeIDE_1.13.2/STM32CubeIDE/plugins/com.st.stm32cube.ide.mcu.externaltools.gnu-tools-for-stm32.12.3.rel1.win32_1.0.200.202406191623/tools/bin/../lib/gcc/arm-none-eabi/12.3.1/../../../../arm-none-eabi/lib/thumb/v7-m/nofp\libc_nano.a(libc_a-nano-vfprintf_i.o)
 .rodata._dtoa_r.str1.1
                0x0800824a       0x8d C:/ST/STM32CubeIDE_1.13.2/STM32CubeIDE/plugins/com.st.stm32cube.ide.mcu.externaltools.gnu-tools-for-stm32.12.3.rel1.win32_1.0.200.202406191623/tools/bin/../lib/gcc/arm-none-eabi/12.3.1/../../../../arm-none-eabi/lib/thumb/v7-m/nofp\libc_nano.a(libc_a-dtoa.o)
                                 0x8f (size before relaxing)
 .rodata._Balloc.str1.1
                0x080082d7       0x59 C:/ST/STM32CubeIDE_1.13.2/STM32CubeIDE/plugins/com.st.stm32cube.ide.mcu.externaltools.gnu-tools-for-stm32.12.3.rel1.win32_1.0.200.202406191623/tools/bin/../lib/gcc/arm-none-eabi/12.3.1/../../../../arm-none-eabi/lib/thumb/v7-m/nofp\libc_nano.a(libc_a-mprec.o)
                                 0x70 (size before relaxing)
 .rodata.__multadd.str1.1
                0x08008330       0x11 C:/ST/STM32CubeIDE_1.13.2/STM32CubeIDE/plugins/com.st.stm32cube.ide.mcu.externaltools.gnu-tools-for-stm32.12.3.rel1.win32_1.0.200.202406191623/tools/bin/../lib/gcc/arm-none-eabi/12.3.1/../../../../arm-none-eabi/lib/thumb/v7-m/nofp\libc_nano.a(libc_a-mprec.o)
 .rodata.p05.0  0x08008330        0xc C:/ST/STM32CubeIDE_1.13.2/STM32CubeIDE/plugins/com.st.stm32cube.ide.mcu.externaltools.gnu-tools-for-stm32.12.3.rel1.win32_1.0.200.202406191623/tools/bin/../lib/gcc/arm-none-eabi/12.3.1/../../../../arm-none-eabi/lib/thumb/v7-m/nofp\libc_nano.a(libc_a-mprec.o)
 *fill*         0x0800833c        0x4 
 .rodata.__mprec_bigtens
                0x08008340       0x28 C:/ST/STM32CubeIDE_1.13.2/STM32CubeIDE/plugins/com.st.stm32cube.ide.mcu.externaltools.gnu-tools-for-stm32.12.3.rel1.win32_1.0.200.202406191623/tools/bin/../lib/gcc/arm-none-eabi/12.3.1/../../../../arm-none-eabi/lib/thumb/v7-m/nofp\libc_nano.a(libc_a-mprec.o)
                0x08008340                __mprec_bigtens
 .rodata.__mprec_tens
                0x08008368       0xc8 C:/ST/STM32CubeIDE_1.13.2/STM32CubeIDE/plugins/com.st.stm32cube.ide.mcu.externaltools.gnu-tools-for-stm32.12.3.rel1.win32_1.0.200.202406191623/tools/bin/../lib/gcc/arm-none-eabi/12.3.1/../../../../arm-none-eabi/lib/thumb/v7-m/nofp\libc_nano.a(libc_a-mprec.o)
                0x08008368                __mprec_tens
 .rodata._svfprintf_r.str1.1
                0x08008430       0x11 C:/ST/STM32CubeIDE_1.13.2/STM32CubeIDE/plugins/com.st.stm32cube.ide.mcu.externaltools.gnu-tools-for-stm32.12.3.rel1.win32_1.0.200.202406191623/tools/bin/../lib/gcc/arm-none-eabi/12.3.1/../../../../arm-none-eabi/lib/thumb/v7-m/nofp\libc_nano.a(libc_a-nano-svfprintf.o)
 .rodata._setlocale_r.str1.1
                0x08008441        0x8 C:/ST/STM32CubeIDE_1.13.2/STM32CubeIDE/plugins/com.st.stm32cube.ide.mcu.externaltools.gnu-tools-for-stm32.12.3.rel1.win32_1.0.200.202406191623/tools/bin/../lib/gcc/arm-none-eabi/12.3.1/../../../../arm-none-eabi/lib/thumb/v7-m/nofp\libc_nano.a(libc_a-locale.o)
                                  0x9 (size before relaxing)
 .rodata.str1.1
                0x08008449        0x2 C:/ST/STM32CubeIDE_1.13.2/STM32CubeIDE/plugins/com.st.stm32cube.ide.mcu.externaltools.gnu-tools-for-stm32.12.3.rel1.win32_1.0.200.202406191623/tools/bin/../lib/gcc/arm-none-eabi/12.3.1/../../../../arm-none-eabi/lib/thumb/v7-m/nofp\libc_nano.a(libc_a-locale.o)
 .rodata.__assert_func.str1.1
                0x0800844b       0x3c C:/ST/STM32CubeIDE_1.13.2/STM32CubeIDE/plugins/com.st.stm32cube.ide.mcu.externaltools.gnu-tools-for-stm32.12.3.rel1.win32_1.0.200.202406191623/tools/bin/../lib/gcc/arm-none-eabi/12.3.1/../../../../arm-none-eabi/lib/thumb/v7-m/nofp\libc_nano.a(libc_a-assert.o)
                                 0x3d (size before relaxing)
 .rodata._ctype_
                0x08008487      0x101 C:/ST/STM32CubeIDE_1.13.2/STM32CubeIDE/plugins/com.st.stm32cube.ide.mcu.externaltools.gnu-tools-for-stm32.12.3.rel1.win32_1.0.200.202406191623/tools/bin/../lib/gcc/arm-none-eabi/12.3.1/../../../../arm-none-eabi/lib/thumb/v7-m/nofp\libc_nano.a(libc_a-ctype_.o)
                0x08008487                _ctype_
 .rodata._vfprintf_r.str1.1
                0x08008588       0x11 C:/ST/STM32CubeIDE_1.13.2/STM32CubeIDE/plugins/com.st.stm32cube.ide.mcu.externaltools.gnu-tools-for-stm32.12.3.rel1.win32_1.0.200.202406191623/tools/bin/../lib/gcc/arm-none-eabi/12.3.1/../../../../arm-none-eabi/lib/thumb/v7-m/nofp\libc_nano.a(libc_a-nano-vfprintf.o)
                0x0800859c                        . = ALIGN (0x4)

.ARM.extab      0x08008588        0x0
                0x08008588                        . = ALIGN (0x4)
 *(.ARM.extab* .gnu.linkonce.armextab.*)
                0x08008588                        . = ALIGN (0x4)

.ARM            0x08008588        0x8
                0x08008588                        . = ALIGN (0x4)
                0x08008588                        __exidx_start = .
 *(.ARM.exidx*)
 .ARM.exidx     0x08008588        0x8 C:/ST/STM32CubeIDE_1.13.2/STM32CubeIDE/plugins/com.st.stm32cube.ide.mcu.externaltools.gnu-tools-for-stm32.12.3.rel1.win32_1.0.200.202406191623/tools/bin/../lib/gcc/arm-none-eabi/12.3.1/../../../../arm-none-eabi/lib/thumb/v7-m/nofp\libc_nano.a(libc_a-strlen.o)
                0x08008590                        __exidx_end = .
                0x08008590                        . = ALIGN (0x4)

.rel.dyn        0x08008590        0x0
 .rel.iplt      0x08008590        0x0 C:/ST/STM32CubeIDE_1.13.2/STM32CubeIDE/plugins/com.st.stm32cube.ide.mcu.externaltools.gnu-tools-for-stm32.12.3.rel1.win32_1.0.200.202406191623/tools/bin/../lib/gcc/arm-none-eabi/12.3.1/thumb/v7-m/nofp/crtbegin.o

.preinit_array  0x08008590        0x0
                0x08008590                        . = ALIGN (0x4)
                0x08008590                        PROVIDE (__preinit_array_start = .)
 *(.preinit_array*)
                0x08008590                        PROVIDE (__preinit_array_end = .)
                0x08008590                        . = ALIGN (0x4)

.init_array     0x08008590        0x4
                0x08008590                        . = ALIGN (0x4)
                0x08008590                        PROVIDE (__init_array_start = .)
 *(SORT_BY_NAME(.init_array.*))
 *(.init_array*)
 .init_array    0x08008590        0x4 C:/ST/STM32CubeIDE_1.13.2/STM32CubeIDE/plugins/com.st.stm32cube.ide.mcu.externaltools.gnu-tools-for-stm32.12.3.rel1.win32_1.0.200.202406191623/tools/bin/../lib/gcc/arm-none-eabi/12.3.1/thumb/v7-m/nofp/crtbegin.o
                0x08008594                        PROVIDE (__init_array_end = .)
                0x08008594                        . = ALIGN (0x4)

.fini_array     0x08008594        0x4
                0x08008594                        . = ALIGN (0x4)
                [!provide]                        PROVIDE (__fini_array_start = .)
 *(SORT_BY_NAME(.fini_array.*))
 *(.fini_array*)
 .fini_array    0x08008594        0x4 C:/ST/STM32CubeIDE_1.13.2/STM32CubeIDE/plugins/com.st.stm32cube.ide.mcu.externaltools.gnu-tools-for-stm32.12.3.rel1.win32_1.0.200.202406191623/tools/bin/../lib/gcc/arm-none-eabi/12.3.1/thumb/v7-m/nofp/crtbegin.o
                [!provide]                        PROVIDE (__fini_array_end = .)
                0x08008598                        . = ALIGN (0x4)
                0x08008598                        _sidata = LOADADDR (.data)

.data           0x20000000      0x1d4 load address 0x08008598
                0x20000000                        . = ALIGN (0x4)
                0x20000000                        _sdata = .
 *(.data)
 *(.data*)
 .data.SystemCoreClock
                0x20000000        0x4 ./Core/Src/system_stm32f1xx.o
                0x20000000                SystemCoreClock
 .data.uwTickPrio
                0x20000004        0x4 ./Drivers/STM32F1xx_HAL_Driver/Src/stm32f1xx_hal.o
                0x20000004                uwTickPrio
 .data.uwTickFreq
                0x20000008        0x1 ./Drivers/STM32F1xx_HAL_Driver/Src/stm32f1xx_hal.o
                0x20000008                uwTickFreq
 *fill*         0x20000009        0x3 
 .data.__sglue  0x2000000c        0xc C:/ST/STM32CubeIDE_1.13.2/STM32CubeIDE/plugins/com.st.stm32cube.ide.mcu.externaltools.gnu-tools-for-stm32.12.3.rel1.win32_1.0.200.202406191623/tools/bin/../lib/gcc/arm-none-eabi/12.3.1/../../../../arm-none-eabi/lib/thumb/v7-m/nofp\libc_nano.a(libc_a-findfp.o)
                0x2000000c                __sglue
 .data._impure_ptr